
Optional file libmchp_peripheral.a not found

Optional file libmchp_peripheral_32MX270F256B.a not found
Archive member included because of file (symbol)

c:/program files (x86)/microchip/xc32/v1.42/bin/bin/../../lib/gcc/pic32mx/4.8.3\libgcc.a(_udivdi3.o)
                              build/pic32_ec_sk/debug/_ext/1360937237/app.o (__udivdi3)
c:/program files (x86)/microchip/xc32/v1.42/bin/bin/../../lib/gcc/pic32mx/4.8.3/../../../../pic32mx/lib\libpic32.a(memset.o)
                              build/pic32_ec_sk/debug/_ext/1360937237/app.o (memset)
c:/program files (x86)/microchip/xc32/v1.42/bin/bin/../../lib/gcc/pic32mx/4.8.3/../../../../pic32mx/lib\libpic32.a(strlen.o)
                              build/pic32_ec_sk/debug/_ext/1360937237/app.o (strlen)
c:/program files (x86)/microchip/xc32/v1.42/bin/bin/../../lib/gcc/pic32mx/4.8.3/../../../../pic32mx/lib\libpic32.a(default-bootstrap-exception-handler.o)
                              c:/program files (x86)/microchip/xc32/v1.42/bin/bin/../../lib/gcc/pic32mx/4.8.3/../../../../pic32mx/lib/./proc/32MX270F256B/crt0_mips32r2.o (_bootstrap_exception_handler)
c:/program files (x86)/microchip/xc32/v1.42/bin/bin/../../lib/gcc/pic32mx/4.8.3/../../../../pic32mx/lib\libpic32.a(default-on-reset.o)
                              c:/program files (x86)/microchip/xc32/v1.42/bin/bin/../../lib/gcc/pic32mx/4.8.3/../../../../pic32mx/lib/./proc/32MX270F256B/crt0_mips32r2.o (_on_reset)
c:/program files (x86)/microchip/xc32/v1.42/bin/bin/../../lib/gcc/pic32mx/4.8.3/../../../../pic32mx/lib\libpic32.a(default-on-bootstrap.o)
                              c:/program files (x86)/microchip/xc32/v1.42/bin/bin/../../lib/gcc/pic32mx/4.8.3/../../../../pic32mx/lib/./proc/32MX270F256B/crt0_mips32r2.o (_on_bootstrap)
c:/program files (x86)/microchip/xc32/v1.42/bin/bin/../../lib/gcc/pic32mx/4.8.3/../../../../pic32mx/lib\libpic32.a(default-nmi-handler.o)
                              c:/program files (x86)/microchip/xc32/v1.42/bin/bin/../../lib/gcc/pic32mx/4.8.3/../../../../pic32mx/lib/./proc/32MX270F256B/crt0_mips32r2.o (_nmi_handler)
c:/program files (x86)/microchip/xc32/v1.42/bin/bin/../../lib/gcc/pic32mx/4.8.3/../../../../pic32mx/lib\libpic32.a(general-exception.o)
                              c:/program files (x86)/microchip/xc32/v1.42/bin/bin/../../lib/gcc/pic32mx/4.8.3/../../../../pic32mx/lib/./proc/32MX270F256B/crt0_mips32r2.o (_general_exception_context)
c:/program files (x86)/microchip/xc32/v1.42/bin/bin/../../lib/gcc/pic32mx/4.8.3/../../../../pic32mx/lib\libpic32.a(vector0.o)
                              c:/program files (x86)/microchip/xc32/v1.42/bin/bin/../../lib/gcc/pic32mx/4.8.3/../../../../pic32mx/lib/./proc/32MX270F256B\default_isr_vectors.o (__vector_dispatch_0)
c:/program files (x86)/microchip/xc32/v1.42/bin/bin/../../lib/gcc/pic32mx/4.8.3/../../../../pic32mx/lib\libpic32.a(vector1.o)
                              c:/program files (x86)/microchip/xc32/v1.42/bin/bin/../../lib/gcc/pic32mx/4.8.3/../../../../pic32mx/lib/./proc/32MX270F256B\default_isr_vectors.o (__vector_dispatch_1)
c:/program files (x86)/microchip/xc32/v1.42/bin/bin/../../lib/gcc/pic32mx/4.8.3/../../../../pic32mx/lib\libpic32.a(vector2.o)
                              c:/program files (x86)/microchip/xc32/v1.42/bin/bin/../../lib/gcc/pic32mx/4.8.3/../../../../pic32mx/lib/./proc/32MX270F256B\default_isr_vectors.o (__vector_dispatch_2)
c:/program files (x86)/microchip/xc32/v1.42/bin/bin/../../lib/gcc/pic32mx/4.8.3/../../../../pic32mx/lib\libpic32.a(vector3.o)
                              c:/program files (x86)/microchip/xc32/v1.42/bin/bin/../../lib/gcc/pic32mx/4.8.3/../../../../pic32mx/lib/./proc/32MX270F256B\default_isr_vectors.o (__vector_dispatch_3)
c:/program files (x86)/microchip/xc32/v1.42/bin/bin/../../lib/gcc/pic32mx/4.8.3/../../../../pic32mx/lib\libpic32.a(vector4.o)
                              c:/program files (x86)/microchip/xc32/v1.42/bin/bin/../../lib/gcc/pic32mx/4.8.3/../../../../pic32mx/lib/./proc/32MX270F256B\default_isr_vectors.o (__vector_dispatch_4)
c:/program files (x86)/microchip/xc32/v1.42/bin/bin/../../lib/gcc/pic32mx/4.8.3/../../../../pic32mx/lib\libpic32.a(vector5.o)
                              c:/program files (x86)/microchip/xc32/v1.42/bin/bin/../../lib/gcc/pic32mx/4.8.3/../../../../pic32mx/lib/./proc/32MX270F256B\default_isr_vectors.o (__vector_dispatch_5)
c:/program files (x86)/microchip/xc32/v1.42/bin/bin/../../lib/gcc/pic32mx/4.8.3/../../../../pic32mx/lib\libpic32.a(vector6.o)
                              c:/program files (x86)/microchip/xc32/v1.42/bin/bin/../../lib/gcc/pic32mx/4.8.3/../../../../pic32mx/lib/./proc/32MX270F256B\default_isr_vectors.o (__vector_dispatch_6)
c:/program files (x86)/microchip/xc32/v1.42/bin/bin/../../lib/gcc/pic32mx/4.8.3/../../../../pic32mx/lib\libpic32.a(vector7.o)
[...]
Memory Configuration

Name             Origin             Length             Attributes
kseg0_boot_mem   0x9fc00490         0x00000000
kseg1_boot_mem   0xbfc00000         0x00000490
kseg0_program_mem 0x9d000000         0x0003f000         xr
exception_mem    0x9d03f000         0x00001000
debug_exec_mem   0x9fc00490         0x00000760
config3          0xbfc00bf0         0x00000004
config2          0xbfc00bf4         0x00000004
config1          0xbfc00bf8         0x00000004
config0          0xbfc00bfc         0x00000004
kseg1_data_mem   0xa0000000         0x00010000         w !x
sfrs             0xbf800000         0x00100000
configsfrs       0xbfc00bf0         0x00000010
*default*        0x00000000         0xffffffff

Linker script and memory map


reserve_boot_0x1fc00490_kseg0
                0x9fc00490      0x760
                0x9fc00490        0x2 SHORT 0x0
                0x00000760                . = 0x760
 *fill*         0x9fc00492      0x75e 
                0x9fc00bf0                . = ALIGN (0x4)

reserve_boot_0x1fc00490_kseg1
                0xbfc00490      0x760
                0xbfc00490        0x2 SHORT 0x0
                0x00000760                . = 0x760
 *fill*         0xbfc00492      0x75e 
                0xbfc00bf0                . = ALIGN (0x4)
LOAD c:/program files (x86)/microchip/xc32/v1.42/bin/bin/../../lib/gcc/pic32mx/4.8.3/../../../../pic32mx/lib/./proc/32MX270F256B/crt0_mips32r2.o
LOAD c:/program files (x86)/microchip/xc32/v1.42/bin/bin/../../lib/gcc/pic32mx/4.8.3/../../../../pic32mx/lib\software-debug-break.o
                0x00000001                _DEBUGGER = 0x1
LOAD build/pic32_ec_sk/debug/_ext/1676679943/drv_usart_mapping.o
LOAD build/pic32_ec_sk/debug/_ext/1676679943/drv_usart_static.o
LOAD build/pic32_ec_sk/debug/_ext/1676679943/drv_usart_static_byte_model.o
LOAD build/pic32_ec_sk/debug/_ext/2134208277/sys_clk_static.o
LOAD build/pic32_ec_sk/debug/_ext/527631067/sys_ports_static.o
LOAD build/pic32_ec_sk/debug/_ext/1895876492/system_init.o
LOAD build/pic32_ec_sk/debug/_ext/1895876492/system_interrupt.o
LOAD build/pic32_ec_sk/debug/_ext/1895876492/system_exceptions.o
LOAD build/pic32_ec_sk/debug/_ext/1895876492/system_tasks.o
LOAD build/pic32_ec_sk/debug/_ext/1360937237/app.o
LOAD build/pic32_ec_sk/debug/_ext/1360937237/main.o
LOAD build/pic32_ec_sk/debug/_ext/1271179505/sys_devcon.o
LOAD build/pic32_ec_sk/debug/_ext/1271179505/sys_devcon_pic32mx.o
LOAD build/pic32_ec_sk/debug/_ext/122796885/sys_int_pic32.o
LOAD ..\..\..\..\bin\framework\peripheral\PIC32MX270F256B_peripherals.a
LOAD ..\..\..\..\framework\tcpip\src\crypto\aes_pic32mx.a
                0x00000001                __MPLAB_BUILD = 0x1
                0x00000001                __MPLAB_DEBUG = 0x1
                0x00000001                __DEBUG = 0x1
                0x00000001                __MPLAB_DEBUGGER_PK3 = 0x1
                0x00000000                _min_heap_size = 0x0
LOAD c:/program files (x86)/microchip/xc32/v1.42/bin/bin/../../lib/gcc/pic32mx/4.8.3/../../../../pic32mx/lib/./proc/32MX270F256B\default_isr_vectors.o
LOAD c:/program files (x86)/microchip/xc32/v1.42/bin/bin/../../lib/gcc/pic32mx/4.8.3/../../../../pic32mx/lib\pic32_software_reset.o
                0x00000400                PROVIDE (_min_stack_size, 0x400)
LOAD c:/program files (x86)/microchip/xc32/v1.42/bin/bin/../../lib/gcc/pic32mx/4.8.3/../../../../pic32mx/lib/./proc/32MX270F256B\processor.o
START GROUP
LOAD libmchp_peripheral.a
END GROUP
START GROUP
LOAD libmchp_peripheral_32MX270F256B.a
END GROUP
                0x00000001                PROVIDE (_vector_spacing, 0x1)
                0x9d03f000                PROVIDE (_ebase_address, 0x9d03f000)
                0xbfc00000                _RESET_ADDR = 0xbfc00000
                0xbfc00380                _BEV_EXCPT_ADDR = 0xbfc00380
                0xbfc00480                _DBG_EXCPT_ADDR = 0xbfc00480
                0x9fc00490                _DBG_CODE_ADDR = 0x9fc00490
                0x00000760                _DBG_CODE_SIZE = 0x760
                0x9d03f180                _GEN_EXCPT_ADDR = (_ebase_address + 0x180)

.config_BFC00BF0
                0xbfc00bf0        0x4
 *(.config_BFC00BF0)
 .config_BFC00BF0
                0xbfc00bf0        0x4 build/pic32_ec_sk/debug/_ext/1895876492/system_init.o

.config_BFC00BF4
                0xbfc00bf4        0x4
 *(.config_BFC00BF4)
 .config_BFC00BF4
                0xbfc00bf4        0x4 build/pic32_ec_sk/debug/_ext/1895876492/system_init.o

.config_BFC00BF8
                0xbfc00bf8        0x4
 *(.config_BFC00BF8)
 .config_BFC00BF8
                0xbfc00bf8        0x4 build/pic32_ec_sk/debug/_ext/1895876492/system_init.o

.config_BFC00BFC
                0xbfc00bfc        0x4
 *(.config_BFC00BFC)
 .config_BFC00BFC
                0xbfc00bfc        0x4 build/pic32_ec_sk/debug/_ext/1895876492/system_init.o
                0xbfc02000                PROVIDE (_DBG_CODE_ADDR, 0xbfc02000)
                0x00000ff0                PROVIDE (_DBG_CODE_SIZE, 0xff0)

.reset          0xbfc00000      0x1e4
 *(.reset)
 .reset         0xbfc00000        0x8 c:/program files (x86)/microchip/xc32/v1.42/bin/bin/../../lib/gcc/pic32mx/4.8.3/../../../../pic32mx/lib/./proc/32MX270F256B/crt0_mips32r2.o
                0xbfc00000                _reset
 *(.reset.startup)
 .reset.startup
                0xbfc00008      0x1dc c:/program files (x86)/microchip/xc32/v1.42/bin/bin/../../lib/gcc/pic32mx/4.8.3/../../../../pic32mx/lib/./proc/32MX270F256B/crt0_mips32r2.o

.bev_excpt      0xbfc00380       0x10
 *(.bev_handler)
 .bev_handler   0xbfc00380       0x10 c:/program files (x86)/microchip/xc32/v1.42/bin/bin/../../lib/gcc/pic32mx/4.8.3/../../../../pic32mx/lib/./proc/32MX270F256B/crt0_mips32r2.o

.dbg_excpt      0xbfc00480        0x8
                0xbfc00480                . = (. + DEFINED (_DEBUGGER)?0x8:0x0)
 *fill*         0xbfc00480        0x8 

.dbg_code       0x9fc00490      0x760
                0x9fc00490                . = (. + DEFINED (_DEBUGGER)?_DBG_CODE_SIZE:0x0)
 *fill*         0x9fc00490      0x760 

.app_excpt      0x9d03f180       0x10
 *(.gen_handler)
 .gen_handler   0x9d03f180       0x10 c:/program files (x86)/microchip/xc32/v1.42/bin/bin/../../lib/gcc/pic32mx/4.8.3/../../../../pic32mx/lib/./proc/32MX270F256B/crt0_mips32r2.o

.vector_0       0x9d03f200        0x8
 *(.vector_0)
 .vector_0      0x9d03f200        0x8 c:/program files (x86)/microchip/xc32/v1.42/bin/bin/../../lib/gcc/pic32mx/4.8.3/../../../../pic32mx/lib\libpic32.a(vector0.o)
                0x9d03f200                __vector_dispatch_0
                0x00000001                ASSERT (((_vector_spacing == 0x0) || (SIZEOF (.vector_0) <= (_vector_spacing << 0x5))), function at exception vector 0 too large)

.vector_1       0x9d03f220        0x8
 *(.vector_1)
 .vector_1      0x9d03f220        0x8 c:/program files (x86)/microchip/xc32/v1.42/bin/bin/../../lib/gcc/pic32mx/4.8.3/../../../../pic32mx/lib\libpic32.a(vector1.o)
                0x9d03f220                __vector_dispatch_1
                0x00000001                ASSERT (((_vector_spacing == 0x0) || (SIZEOF (.vector_1) <= (_vector_spacing << 0x5))), function at exception vector 1 too large)

.vector_2       0x9d03f240        0x8
 *(.vector_2)
 .vector_2      0x9d03f240        0x8 c:/program files (x86)/microchip/xc32/v1.42/bin/bin/../../lib/gcc/pic32mx/4.8.3/../../../../pic32mx/lib\libpic32.a(vector2.o)
                0x9d03f240                __vector_dispatch_2
                0x00000001                ASSERT (((_vector_spacing == 0x0) || (SIZEOF (.vector_2) <= (_vector_spacing << 0x5))), function at exception vector 2 too large)

.vector_3       0x9d03f260        0x8
 *(.vector_3)
 .vector_3      0x9d03f260        0x8 c:/program files (x86)/microchip/xc32/v1.42/bin/bin/../../lib/gcc/pic32mx/4.8.3/../../../../pic32mx/lib\libpic32.a(vector3.o)
                0x9d03f260                __vector_dispatch_3
                0x00000001                ASSERT (((_vector_spacing == 0x0) || (SIZEOF (.vector_3) <= (_vector_spacing << 0x5))), function at exception vector 3 too large)

.vector_4       0x9d03f280        0x8
 *(.vector_4)
 .vector_4      0x9d03f280        0x8 c:/program files (x86)/microchip/xc32/v1.42/bin/bin/../../lib/gcc/pic32mx/4.8.3/../../../../pic32mx/lib\libpic32.a(vector4.o)
                0x9d03f280                __vector_dispatch_4
                0x00000001                ASSERT (((_vector_spacing == 0x0) || (SIZEOF (.vector_4) <= (_vector_spacing << 0x5))), function at exception vector 4 too large)

.vector_5       0x9d03f2a0        0x8
 *(.vector_5)
 .vector_5      0x9d03f2a0        0x8 c:/program files (x86)/microchip/xc32/v1.42/bin/bin/../../lib/gcc/pic32mx/4.8.3/../../../../pic32mx/lib\libpic32.a(vector5.o)
                0x9d03f2a0                __vector_dispatch_5
                0x00000001                ASSERT (((_vector_spacing == 0x0) || (SIZEOF (.vector_5) <= (_vector_spacing << 0x5))), function at exception vector 5 too large)

.vector_6       0x9d03f2c0        0x8
 *(.vector_6)
 .vector_6      0x9d03f2c0        0x8 c:/program files (x86)/microchip/xc32/v1.42/bin/bin/../../lib/gcc/pic32mx/4.8.3/../../../../pic32mx/lib\libpic32.a(vector6.o)
                0x9d03f2c0                __vector_dispatch_6
                0x00000001                ASSERT (((_vector_spacing == 0x0) || (SIZEOF (.vector_6) <= (_vector_spacing << 0x5))), function at exception vector 6 too large)

.vector_7       0x9d03f2e0        0x8
 *(.vector_7)
 .vector_7      0x9d03f2e0        0x8 c:/program files (x86)/microchip/xc32/v1.42/bin/bin/../../lib/gcc/pic32mx/4.8.3/../../../../pic32mx/lib\libpic32.a(vector7.o)
                0x9d03f2e0                __vector_dispatch_7
                0x00000001                ASSERT (((_vector_spacing == 0x0) || (SIZEOF (.vector_7) <= (_vector_spacing << 0x5))), function at exception vector 7 too large)

.vector_8       0x9d03f300        0x8
 *(.vector_8)
 .vector_8      0x9d03f300        0x8 c:/program files (x86)/microchip/xc32/v1.42/bin/bin/../../lib/gcc/pic32mx/4.8.3/../../../../pic32mx/lib\libpic32.a(vector8.o)
                0x9d03f300                __vector_dispatch_8
                0x00000001                ASSERT (((_vector_spacing == 0x0) || (SIZEOF (.vector_8) <= (_vector_spacing << 0x5))), function at exception vector 8 too large)

.vector_9       0x9d03f320        0x8
 *(.vector_9)
 .vector_9      0x9d03f320        0x8 c:/program files (x86)/microchip/xc32/v1.42/bin/bin/../../lib/gcc/pic32mx/4.8.3/../../../../pic32mx/lib\libpic32.a(vector9.o)
                0x9d03f320                __vector_dispatch_9
                0x00000001                ASSERT (((_vector_spacing == 0x0) || (SIZEOF (.vector_9) <= (_vector_spacing << 0x5))), function at exception vector 9 too large)

.vector_10      0x9d03f340        0x8
 *(.vector_10)
 .vector_10     0x9d03f340        0x8 c:/program files (x86)/microchip/xc32/v1.42/bin/bin/../../lib/gcc/pic32mx/4.8.3/../../../../pic32mx/lib\libpic32.a(vector10.o)
                0x9d03f340                __vector_dispatch_10
                0x00000001                ASSERT (((_vector_spacing == 0x0) || (SIZEOF (.vector_10) <= (_vector_spacing << 0x5))), function at exception vector 10 too large)

.vector_11      0x9d03f360        0x8
 *(.vector_11)
 .vector_11     0x9d03f360        0x8 c:/program files (x86)/microchip/xc32/v1.42/bin/bin/../../lib/gcc/pic32mx/4.8.3/../../../../pic32mx/lib\libpic32.a(vector11.o)
                0x9d03f360                __vector_dispatch_11
                0x00000001                ASSERT (((_vector_spacing == 0x0) || (SIZEOF (.vector_11) <= (_vector_spacing << 0x5))), function at exception vector 11 too large)

.vector_12      0x9d03f380        0x8
 *(.vector_12)
 .vector_12     0x9d03f380        0x8 c:/program files (x86)/microchip/xc32/v1.42/bin/bin/../../lib/gcc/pic32mx/4.8.3/../../../../pic32mx/lib\libpic32.a(vector12.o)
                0x9d03f380                __vector_dispatch_12
                0x00000001                ASSERT (((_vector_spacing == 0x0) || (SIZEOF (.vector_12) <= (_vector_spacing << 0x5))), function at exception vector 12 too large)

.vector_13      0x9d03f3a0        0x8
 *(.vector_13)
 .vector_13     0x9d03f3a0        0x8 c:/program files (x86)/microchip/xc32/v1.42/bin/bin/../../lib/gcc/pic32mx/4.8.3/../../../../pic32mx/lib\libpic32.a(vector13.o)
                0x9d03f3a0                __vector_dispatch_13
                0x00000001                ASSERT (((_vector_spacing == 0x0) || (SIZEOF (.vector_13) <= (_vector_spacing << 0x5))), function at exception vector 13 too large)

.vector_14      0x9d03f3c0        0x8
 *(.vector_14)
 .vector_14     0x9d03f3c0        0x8 c:/program files (x86)/microchip/xc32/v1.42/bin/bin/../../lib/gcc/pic32mx/4.8.3/../../../../pic32mx/lib\libpic32.a(vector14.o)
                0x9d03f3c0                __vector_dispatch_14
                0x00000001                ASSERT (((_vector_spacing == 0x0) || (SIZEOF (.vector_14) <= (_vector_spacing << 0x5))), function at exception vector 14 too large)

.vector_15      0x9d03f3e0        0x8
 *(.vector_15)
 .vector_15     0x9d03f3e0        0x8 c:/program files (x86)/microchip/xc32/v1.42/bin/bin/../../lib/gcc/pic32mx/4.8.3/../../../../pic32mx/lib\libpic32.a(vector15.o)
                0x9d03f3e0                __vector_dispatch_15
                0x00000001                ASSERT (((_vector_spacing == 0x0) || (SIZEOF (.vector_15) <= (_vector_spacing << 0x5))), function at exception vector 15 too large)

.vector_16      0x9d03f400        0x8
 *(.vector_16)
 .vector_16     0x9d03f400        0x8 c:/program files (x86)/microchip/xc32/v1.42/bin/bin/../../lib/gcc/pic32mx/4.8.3/../../../../pic32mx/lib\libpic32.a(vector16.o)
                0x9d03f400                __vector_dispatch_16
                0x00000001                ASSERT (((_vector_spacing == 0x0) || (SIZEOF (.vector_16) <= (_vector_spacing << 0x5))), function at exception vector 16 too large)

.vector_17      0x9d03f420        0x8
 *(.vector_17)
 .vector_17     0x9d03f420        0x8 c:/program files (x86)/microchip/xc32/v1.42/bin/bin/../../lib/gcc/pic32mx/4.8.3/../../../../pic32mx/lib\libpic32.a(vector17.o)
                0x9d03f420                __vector_dispatch_17
                0x00000001                ASSERT (((_vector_spacing == 0x0) || (SIZEOF (.vector_17) <= (_vector_spacing << 0x5))), function at exception vector 17 too large)

.vector_18      0x9d03f440        0x8
 *(.vector_18)
 .vector_18     0x9d03f440        0x8 c:/program files (x86)/microchip/xc32/v1.42/bin/bin/../../lib/gcc/pic32mx/4.8.3/../../../../pic32mx/lib\libpic32.a(vector18.o)
                0x9d03f440                __vector_dispatch_18
                0x00000001                ASSERT (((_vector_spacing == 0x0) || (SIZEOF (.vector_18) <= (_vector_spacing << 0x5))), function at exception vector 18 too large)

.vector_19      0x9d03f460        0x8
 *(.vector_19)
 .vector_19     0x9d03f460        0x8 c:/program files (x86)/microchip/xc32/v1.42/bin/bin/../../lib/gcc/pic32mx/4.8.3/../../../../pic32mx/lib\libpic32.a(vector19.o)
                0x9d03f460                __vector_dispatch_19
                0x00000001                ASSERT (((_vector_spacing == 0x0) || (SIZEOF (.vector_19) <= (_vector_spacing << 0x5))), function at exception vector 19 too large)

.vector_20      0x9d03f480        0x8
 *(.vector_20)
 .vector_20     0x9d03f480        0x8 c:/program files (x86)/microchip/xc32/v1.42/bin/bin/../../lib/gcc/pic32mx/4.8.3/../../../../pic32mx/lib\libpic32.a(vector20.o)
                0x9d03f480                __vector_dispatch_20
                0x00000001                ASSERT (((_vector_spacing == 0x0) || (SIZEOF (.vector_20) <= (_vector_spacing << 0x5))), function at exception vector 20 too large)

.vector_21      0x9d03f4a0        0x8
 *(.vector_21)
 .vector_21     0x9d03f4a0        0x8 c:/program files (x86)/microchip/xc32/v1.42/bin/bin/../../lib/gcc/pic32mx/4.8.3/../../../../pic32mx/lib\libpic32.a(vector21.o)
                0x9d03f4a0                __vector_dispatch_21
                0x00000001                ASSERT (((_vector_spacing == 0x0) || (SIZEOF (.vector_21) <= (_vector_spacing << 0x5))), function at exception vector 21 too large)

.vector_22      0x9d03f4c0        0x8
 *(.vector_22)
 .vector_22     0x9d03f4c0        0x8 c:/program files (x86)/microchip/xc32/v1.42/bin/bin/../../lib/gcc/pic32mx/4.8.3/../../../../pic32mx/lib\libpic32.a(vector22.o)
                0x9d03f4c0                __vector_dispatch_22
                0x00000001                ASSERT (((_vector_spacing == 0x0) || (SIZEOF (.vector_22) <= (_vector_spacing << 0x5))), function at exception vector 22 too large)

.vector_23      0x9d03f4e0        0x8
 *(.vector_23)
 .vector_23     0x9d03f4e0        0x8 c:/program files (x86)/microchip/xc32/v1.42/bin/bin/../../lib/gcc/pic32mx/4.8.3/../../../../pic32mx/lib\libpic32.a(vector23.o)
                0x9d03f4e0                __vector_dispatch_23
                0x00000001                ASSERT (((_vector_spacing == 0x0) || (SIZEOF (.vector_23) <= (_vector_spacing << 0x5))), function at exception vector 23 too large)

.vector_24      0x9d03f500        0x8
 *(.vector_24)
 .vector_24     0x9d03f500        0x8 c:/program files (x86)/microchip/xc32/v1.42/bin/bin/../../lib/gcc/pic32mx/4.8.3/../../../../pic32mx/lib\libpic32.a(vector24.o)
                0x9d03f500                __vector_dispatch_24
                0x00000001                ASSERT (((_vector_spacing == 0x0) || (SIZEOF (.vector_24) <= (_vector_spacing << 0x5))), function at exception vector 24 too large)

.vector_25      0x9d03f520        0x8
 *(.vector_25)
 .vector_25     0x9d03f520        0x8 c:/program files (x86)/microchip/xc32/v1.42/bin/bin/../../lib/gcc/pic32mx/4.8.3/../../../../pic32mx/lib\libpic32.a(vector25.o)
                0x9d03f520                __vector_dispatch_25
                0x00000001                ASSERT (((_vector_spacing == 0x0) || (SIZEOF (.vector_25) <= (_vector_spacing << 0x5))), function at exception vector 25 too large)

.vector_26      0x9d03f540        0x8
 *(.vector_26)
 .vector_26     0x9d03f540        0x8 c:/program files (x86)/microchip/xc32/v1.42/bin/bin/../../lib/gcc/pic32mx/4.8.3/../../../../pic32mx/lib\libpic32.a(vector26.o)
                0x9d03f540                __vector_dispatch_26
                0x00000001                ASSERT (((_vector_spacing == 0x0) || (SIZEOF (.vector_26) <= (_vector_spacing << 0x5))), function at exception vector 26 too large)

.vector_27      0x9d03f560        0x8
 *(.vector_27)
 .vector_27     0x9d03f560        0x8 c:/program files (x86)/microchip/xc32/v1.42/bin/bin/../../lib/gcc/pic32mx/4.8.3/../../../../pic32mx/lib\libpic32.a(vector27.o)
                0x9d03f560                __vector_dispatch_27
                0x00000001                ASSERT (((_vector_spacing == 0x0) || (SIZEOF (.vector_27) <= (_vector_spacing << 0x5))), function at exception vector 27 too large)

.vector_28      0x9d03f580        0x8
 *(.vector_28)
 .vector_28     0x9d03f580        0x8 c:/program files (x86)/microchip/xc32/v1.42/bin/bin/../../lib/gcc/pic32mx/4.8.3/../../../../pic32mx/lib\libpic32.a(vector28.o)
                0x9d03f580                __vector_dispatch_28
                0x00000001                ASSERT (((_vector_spacing == 0x0) || (SIZEOF (.vector_28) <= (_vector_spacing << 0x5))), function at exception vector 28 too large)

.vector_29      0x9d03f5a0        0x8
 *(.vector_29)
 .vector_29     0x9d03f5a0        0x8 c:/program files (x86)/microchip/xc32/v1.42/bin/bin/../../lib/gcc/pic32mx/4.8.3/../../../../pic32mx/lib\libpic32.a(vector29.o)
                0x9d03f5a0                __vector_dispatch_29
                0x00000001                ASSERT (((_vector_spacing == 0x0) || (SIZEOF (.vector_29) <= (_vector_spacing << 0x5))), function at exception vector 29 too large)

.vector_30      0x9d03f5c0        0x8
 *(.vector_30)
 .vector_30     0x9d03f5c0        0x8 c:/program files (x86)/microchip/xc32/v1.42/bin/bin/../../lib/gcc/pic32mx/4.8.3/../../../../pic32mx/lib\libpic32.a(vector30.o)
                0x9d03f5c0                __vector_dispatch_30
                0x00000001                ASSERT (((_vector_spacing == 0x0) || (SIZEOF (.vector_30) <= (_vector_spacing << 0x5))), function at exception vector 30 too large)

.vector_31      0x9d03f5e0        0x8
 *(.vector_31)
 .vector_31     0x9d03f5e0        0x8 c:/program files (x86)/microchip/xc32/v1.42/bin/bin/../../lib/gcc/pic32mx/4.8.3/../../../../pic32mx/lib\libpic32.a(vector31.o)
                0x9d03f5e0                __vector_dispatch_31
                0x00000001                ASSERT (((_vector_spacing == 0x0) || (SIZEOF (.vector_31) <= (_vector_spacing << 0x5))), function at exception vector 31 too large)

.vector_32      0x9d03f600        0x8
 *(.vector_32)
 .vector_32     0x9d03f600        0x8 build/pic32_ec_sk/debug/_ext/1895876492/system_interrupt.o
                0x9d03f600                __vector_dispatch_32
                0x00000001                ASSERT (((_vector_spacing == 0x0) || (SIZEOF (.vector_32) <= (_vector_spacing << 0x5))), function at exception vector 32 too large)

.vector_33      0x9d03f620        0x8
 *(.vector_33)
 .vector_33     0x9d03f620        0x8 c:/program files (x86)/microchip/xc32/v1.42/bin/bin/../../lib/gcc/pic32mx/4.8.3/../../../../pic32mx/lib\libpic32.a(vector33.o)
                0x9d03f620                __vector_dispatch_33
                0x00000001                ASSERT (((_vector_spacing == 0x0) || (SIZEOF (.vector_33) <= (_vector_spacing << 0x5))), function at exception vector 33 too large)

.vector_34      0x9d03f640        0x8
 *(.vector_34)
 .vector_34     0x9d03f640        0x8 c:/program files (x86)/microchip/xc32/v1.42/bin/bin/../../lib/gcc/pic32mx/4.8.3/../../../../pic32mx/lib\libpic32.a(vector34.o)
                0x9d03f640                __vector_dispatch_34
                0x00000001                ASSERT (((_vector_spacing == 0x0) || (SIZEOF (.vector_34) <= (_vector_spacing << 0x5))), function at exception vector 34 too large)

.vector_35      0x9d03f660        0x8
 *(.vector_35)
 .vector_35     0x9d03f660        0x8 c:/program files (x86)/microchip/xc32/v1.42/bin/bin/../../lib/gcc/pic32mx/4.8.3/../../../../pic32mx/lib\libpic32.a(vector35.o)
                0x9d03f660                __vector_dispatch_35
                0x00000001                ASSERT (((_vector_spacing == 0x0) || (SIZEOF (.vector_35) <= (_vector_spacing << 0x5))), function at exception vector 35 too large)

.vector_36      0x9d03f680        0x8
 *(.vector_36)
 .vector_36     0x9d03f680        0x8 c:/program files (x86)/microchip/xc32/v1.42/bin/bin/../../lib/gcc/pic32mx/4.8.3/../../../../pic32mx/lib\libpic32.a(vector36.o)
                0x9d03f680                __vector_dispatch_36
                0x00000001                ASSERT (((_vector_spacing == 0x0) || (SIZEOF (.vector_36) <= (_vector_spacing << 0x5))), function at exception vector 36 too large)

.vector_37      0x9d03f6a0        0x8
 *(.vector_37)
 .vector_37     0x9d03f6a0        0x8 build/pic32_ec_sk/debug/_ext/1895876492/system_interrupt.o
                0x9d03f6a0                __vector_dispatch_37
                0x00000001                ASSERT (((_vector_spacing == 0x0) || (SIZEOF (.vector_37) <= (_vector_spacing << 0x5))), function at exception vector 37 too large)

.vector_38      0x9d03f6c0        0x8
 *(.vector_38)
 .vector_38     0x9d03f6c0        0x8 c:/program files (x86)/microchip/xc32/v1.42/bin/bin/../../lib/gcc/pic32mx/4.8.3/../../../../pic32mx/lib\libpic32.a(vector38.o)
                0x9d03f6c0                __vector_dispatch_38
                0x00000001                ASSERT (((_vector_spacing == 0x0) || (SIZEOF (.vector_38) <= (_vector_spacing << 0x5))), function at exception vector 38 too large)

.vector_39      0x9d03f6e0        0x8
 *(.vector_39)
 .vector_39     0x9d03f6e0        0x8 c:/program files (x86)/microchip/xc32/v1.42/bin/bin/../../lib/gcc/pic32mx/4.8.3/../../../../pic32mx/lib\libpic32.a(vector39.o)
                0x9d03f6e0                __vector_dispatch_39
                0x00000001                ASSERT (((_vector_spacing == 0x0) || (SIZEOF (.vector_39) <= (_vector_spacing << 0x5))), function at exception vector 39 too large)

.vector_40      0x9d03f700        0x8
 *(.vector_40)
 .vector_40     0x9d03f700        0x8 c:/program files (x86)/microchip/xc32/v1.42/bin/bin/../../lib/gcc/pic32mx/4.8.3/../../../../pic32mx/lib\libpic32.a(vector40.o)
                0x9d03f700                __vector_dispatch_40
                0x00000001                ASSERT (((_vector_spacing == 0x0) || (SIZEOF (.vector_40) <= (_vector_spacing << 0x5))), function at exception vector 40 too large)

.vector_41      0x9d03f720        0x8
 *(.vector_41)
 .vector_41     0x9d03f720        0x8 c:/program files (x86)/microchip/xc32/v1.42/bin/bin/../../lib/gcc/pic32mx/4.8.3/../../../../pic32mx/lib\libpic32.a(vector41.o)
                0x9d03f720                __vector_dispatch_41
                0x00000001                ASSERT (((_vector_spacing == 0x0) || (SIZEOF (.vector_41) <= (_vector_spacing << 0x5))), function at exception vector 41 too large)

.vector_42      0x9d03f740        0x8
 *(.vector_42)
 .vector_42     0x9d03f740        0x8 c:/program files (x86)/microchip/xc32/v1.42/bin/bin/../../lib/gcc/pic32mx/4.8.3/../../../../pic32mx/lib\libpic32.a(vector42.o)
                0x9d03f740                __vector_dispatch_42
                0x00000001                ASSERT (((_vector_spacing == 0x0) || (SIZEOF (.vector_42) <= (_vector_spacing << 0x5))), function at exception vector 42 too large)

.vector_43      0x9d03f760        0x8
 *(.vector_43)
 .vector_43     0x9d03f760        0x8 c:/program files (x86)/microchip/xc32/v1.42/bin/bin/../../lib/gcc/pic32mx/4.8.3/../../../../pic32mx/lib\libpic32.a(vector43.o)
                0x9d03f760                __vector_dispatch_43
                0x00000001                ASSERT (((_vector_spacing == 0x0) || (SIZEOF (.vector_43) <= (_vector_spacing << 0x5))), function at exception vector 43 too large)

.vector_44      0x9d03f780        0x0
 *(.vector_44)
                0x00000001                ASSERT (((_vector_spacing == 0x0) || (SIZEOF (.vector_44) <= (_vector_spacing << 0x5))), function at exception vector 44 too large)

.vector_45      0x9d03f7a0        0x0
 *(.vector_45)
                0x00000001                ASSERT (((_vector_spacing == 0x0) || (SIZEOF (.vector_45) <= (_vector_spacing << 0x5))), function at exception vector 45 too large)

.vector_46      0x9d03f7c0        0x0
 *(.vector_46)
                0x00000001                ASSERT (((_vector_spacing == 0x0) || (SIZEOF (.vector_46) <= (_vector_spacing << 0x5))), function at exception vector 46 too large)

.vector_47      0x9d03f7e0        0x0
 *(.vector_47)
                0x00000001                ASSERT (((_vector_spacing == 0x0) || (SIZEOF (.vector_47) <= (_vector_spacing << 0x5))), function at exception vector 47 too large)

.vector_48      0x9d03f800        0x0
 *(.vector_48)
                0x00000001                ASSERT (((_vector_spacing == 0x0) || (SIZEOF (.vector_48) <= (_vector_spacing << 0x5))), function at exception vector 48 too large)

.vector_49      0x9d03f820        0x0
 *(.vector_49)
                0x00000001                ASSERT (((_vector_spacing == 0x0) || (SIZEOF (.vector_49) <= (_vector_spacing << 0x5))), function at exception vector 49 too large)

.vector_50      0x9d03f840        0x0
 *(.vector_50)
                0x00000001                ASSERT (((_vector_spacing == 0x0) || (SIZEOF (.vector_50) <= (_vector_spacing << 0x5))), function at exception vector 50 too large)

.vector_51      0x9d03f860        0x0
 *(.vector_51)
                0x00000001                ASSERT (((_vector_spacing == 0x0) || (SIZEOF (.vector_51) <= (_vector_spacing << 0x5))), function at exception vector 51 too large)

.vector_52      0x9d03f880        0x0
 *(.vector_52)
                0x00000001                ASSERT (((_vector_spacing == 0x0) || (SIZEOF (.vector_52) <= (_vector_spacing << 0x5))), function at exception vector 52 too large)

.vector_53      0x9d03f8a0        0x0
 *(.vector_53)
                0x00000001                ASSERT (((_vector_spacing == 0x0) || (SIZEOF (.vector_53) <= (_vector_spacing << 0x5))), function at exception vector 53 too large)

.vector_54      0x9d03f8c0        0x0
 *(.vector_54)
                0x00000001                ASSERT (((_vector_spacing == 0x0) || (SIZEOF (.vector_54) <= (_vector_spacing << 0x5))), function at exception vector 54 too large)

.vector_55      0x9d03f8e0        0x0
 *(.vector_55)
                0x00000001                ASSERT (((_vector_spacing == 0x0) || (SIZEOF (.vector_55) <= (_vector_spacing << 0x5))), function at exception vector 55 too large)

.vector_56      0x9d03f900        0x0
 *(.vector_56)
                0x00000001                ASSERT (((_vector_spacing == 0x0) || (SIZEOF (.vector_56) <= (_vector_spacing << 0x5))), function at exception vector 56 too large)

.vector_57      0x9d03f920        0x0
 *(.vector_57)
                0x00000001                ASSERT (((_vector_spacing == 0x0) || (SIZEOF (.vector_57) <= (_vector_spacing << 0x5))), function at exception vector 57 too large)

.vector_58      0x9d03f940        0x0
 *(.vector_58)
                0x00000001                ASSERT (((_vector_spacing == 0x0) || (SIZEOF (.vector_58) <= (_vector_spacing << 0x5))), function at exception vector 58 too large)

.vector_59      0x9d03f960        0x0
 *(.vector_59)
                0x00000001                ASSERT (((_vector_spacing == 0x0) || (SIZEOF (.vector_59) <= (_vector_spacing << 0x5))), function at exception vector 59 too large)

.vector_60      0x9d03f980        0x0
 *(.vector_60)
                0x00000001                ASSERT (((_vector_spacing == 0x0) || (SIZEOF (.vector_60) <= (_vector_spacing << 0x5))), function at exception vector 60 too large)

.vector_61      0x9d03f9a0        0x0
 *(.vector_61)
                0x00000001                ASSERT (((_vector_spacing == 0x0) || (SIZEOF (.vector_61) <= (_vector_spacing << 0x5))), function at exception vector 61 too large)

.vector_62      0x9d03f9c0        0x0
 *(.vector_62)
                0x00000001                ASSERT (((_vector_spacing == 0x0) || (SIZEOF (.vector_62) <= (_vector_spacing << 0x5))), function at exception vector 62 too large)

.vector_63      0x9d03f9e0        0x0
 *(.vector_63)
                0x00000001                ASSERT (((_vector_spacing == 0x0) || (SIZEOF (.vector_63) <= (_vector_spacing << 0x5))), function at exception vector 63 too large)

.startup
 *(.startup)

.text           0x9d000000        0x0
 *(.stub .gnu.linkonce.t.*)
 *(.text.*personality*)
 *(.mips16.fn.*)
 *(.mips16.call.*)
 *(.gnu.warning)
                0x9d000000                . = ALIGN (0x4)

.init           0x9d000000        0x0
 *crti.o(.init)
 *crtbegin.o(.init)
 *(EXCLUDE_FILE(*crtn.o *crtend?.o *crtend.o) .init)
 *crtend.o(.init)
 *crtn.o(.init)
                0x9d000000                . = ALIGN (0x4)

.fini           0x9d000000        0x0
 *(.fini)
                0x9d000000                . = ALIGN (0x4)

.preinit_array  0x9d000000        0x0
                0x9d000000                PROVIDE (__preinit_array_start, .)
 *(.preinit_array)
                0x9d000000                PROVIDE (__preinit_array_end, .)
                0x9d000000                . = ALIGN (0x4)

.init_array     0x9d000000        0x0
                0x9d000000                PROVIDE (__init_array_start, .)
 *(SORT(.init_array.*))
 *(.init_array)
                0x9d000000                PROVIDE (__init_array_end, .)
                0x9d000000                . = ALIGN (0x4)

.fini_array     0x9d000000        0x0
                0x9d000000                PROVIDE (__fini_array_start, .)
 *(SORT(.fini_array.*))
 *(.fini_array)
                0x9d000000                PROVIDE (__fini_array_end, .)
                0x9d000000                . = ALIGN (0x4)

.ctors          0x9d000000        0x0
 *crtbegin.o(.ctors)
 *crtbegin?.o(.ctors)
 *(EXCLUDE_FILE(*crtend?.o *crtend.o) .ctors)
 *(SORT(.ctors.*))
 *(.ctors)
                0x9d000000                . = ALIGN (0x4)

.dtors          0x9d000000        0x0
 *crtbegin.o(.dtors)
 *crtbegin?.o(.dtors)
 *(EXCLUDE_FILE(*crtend?.o *crtend.o) .dtors)
 *(SORT(.dtors.*))
 *(.dtors)
                0x9d000000                . = ALIGN (0x4)

.rodata         0x9d000000        0x0
 *(.gnu.linkonce.r.*)
 *(.rodata1)
                0x9d000000                . = ALIGN (0x4)

.sdata2         0x9fc00490        0x0
 *(.sdata2 .sdata2.* .gnu.linkonce.s2.*)
                0x9fc00490                . = ALIGN (0x4)

.sbss2          0x9fc00490        0x0
 *(.sbss2 .sbss2.* .gnu.linkonce.sb2.*)
                0x9fc00490                . = ALIGN (0x4)

.eh_frame_hdr
 *(.eh_frame_hdr)
                0x9fc00490                . = ALIGN (0x4)

.eh_frame
 *(.eh_frame)
                0x9fc00490                . = ALIGN (0x4)

.gcc_except_table
 *(.gcc_except_table .gcc_except_table.*)
                0x9fc00490                . = ALIGN (0x4)

.dbg_data       0xa0000000      0x200
                0xa0000000                . = (. + DEFINED (_DEBUGGER)?0x200:0x0)
 *fill*         0xa0000000      0x200 

.jcr            0xa0000200        0x0
 *(.jcr)
                0xa0000200                . = ALIGN (0x4)

.eh_frame
 *(.eh_frame)
                0xa0000200                . = ALIGN (0x4)

.gcc_except_table
 *(.gcc_except_table .gcc_except_table.*)
                0xa0000200                . = ALIGN (0x4)

.persist        0xa0000200        0x0
                0xa0000200                _persist_begin = .
 *(.persist .persist.*)
 *(.pbss .pbss.*)
                0xa0000200                . = ALIGN (0x4)
                0xa0000200                _persist_end = .

.data           0xa0000200        0x0
 *(.gnu.linkonce.d.*)
 *(.data1)
                0xa0000200                . = ALIGN (0x4)
                0xa0000200                . = .
                0xa00081f0                _gp = (ALIGN (0x10) + 0x7ff0)

.got            0xa0000200        0x0
 *(.got.plt)
 *(.got)
                0xa0000200                . = ALIGN (0x4)

.sdata          0xa0000200        0x0
                0xa0000200                _sdata_begin = .
 *(.sdata .sdata.* .gnu.linkonce.s.*)
                0xa0000200                . = ALIGN (0x4)
                0xa0000200                _sdata_end = .

.lit8
 *(.lit8)

.lit4
 *(.lit4)
                0xa0000200                . = ALIGN (0x4)
                0xa0000200                _data_end = .
                0xa0000200                _bss_begin = .

.sbss           0xa0000200       0x14
                0xa0000200                _sbss_begin = .
 *(.dynsbss)
 *(.sbss .sbss.* .gnu.linkonce.sb.*)
 .sbss          0xa0000200        0xc build/pic32_ec_sk/debug/_ext/1895876492/system_exceptions.o
 *(.scommon)
 .scommon       0xa000020c        0x0 build/pic32_ec_sk/debug/_ext/1676679943/drv_usart_static.o
                0xa000020c                gDrvUSART1Obj
                0xa000020c                gDrvUSART0Obj
 .scommon       0xa000020c        0x8 build/pic32_ec_sk/debug/_ext/1271179505/sys_devcon.o
                0xa000020c                sysDevconObj
                0xa0000214                _sbss_end = .
                0xa0000214                . = ALIGN (0x4)

.bss            0xa0000214      0x174
 *(.dynbss)
 *(COMMON)
 COMMON         0xa0000214      0x168 build/pic32_ec_sk/debug/_ext/1676679943/drv_usart_mapping.o
                0xa0000214                appData
 COMMON         0xa000037c        0xc build/pic32_ec_sk/debug/_ext/1895876492/system_init.o
                0xa000037c                sysObj
                0xa0000388                . = ALIGN ((. != 0x0)?0x4:0x1)
                0xa0000388                . = ALIGN (0x4)
                0xa0000388                _end = .
                0xa0000388                _bss_end = .
                0x00010000                _bmxdudba_address = 0x10000
                0x00010000                _bmxdupba_address = 0x10000

/DISCARD/
 *(.pdr)
 *(.rel.dyn)
 *(.note.GNU-stack)
 *(.note.GNU-stack)
 *(.gnu_debuglink)
 *(.gnu.lto_*)
 *(.discard)

.gptab.sdata
 *(.gptab.data)
 *(.gptab.sdata)

.gptab.sbss
 *(.gptab.bss)
 *(.gptab.sbss)

.mdebug.abi32   0xa0000388        0x0
 *(.mdebug.abi32)
 .mdebug.abi32  0xa0000388        0x0 c:/program files (x86)/microchip/xc32/v1.42/bin/bin/../../lib/gcc/pic32mx/4.8.3/../../../../pic32mx/lib\software-debug-break.o
 .mdebug.abi32  0xa0000388        0x0 build/pic32_ec_sk/debug/_ext/1676679943/drv_usart_mapping.o
 .mdebug.abi32  0xa0000388        0x0 build/pic32_ec_sk/debug/_ext/1676679943/drv_usart_static.o
 .mdebug.abi32  0xa0000388        0x0 build/pic32_ec_sk/debug/_ext/1676679943/drv_usart_static_byte_model.o
 .mdebug.abi32  0xa0000388        0x0 build/pic32_ec_sk/debug/_ext/2134208277/sys_clk_static.o
 .mdebug.abi32  0xa0000388        0x0 build/pic32_ec_sk/debug/_ext/527631067/sys_ports_static.o
 .mdebug.abi32  0xa0000388        0x0 build/pic32_ec_sk/debug/_ext/1895876492/system_init.o
 .mdebug.abi32  0xa0000388        0x0 build/pic32_ec_sk/debug/_ext/1895876492/system_interrupt.o
 .mdebug.abi32  0xa0000388        0x0 build/pic32_ec_sk/debug/_ext/1895876492/system_exceptions.o
 .mdebug.abi32  0xa0000388        0x0 build/pic32_ec_sk/debug/_ext/1895876492/system_tasks.o
 .mdebug.abi32  0xa0000388        0x0 build/pic32_ec_sk/debug/_ext/1360937237/app.o
 .mdebug.abi32  0xa0000388        0x0 build/pic32_ec_sk/debug/_ext/1360937237/main.o
 .mdebug.abi32  0xa0000388        0x0 build/pic32_ec_sk/debug/_ext/1271179505/sys_devcon.o
 .mdebug.abi32  0xa0000388        0x0 build/pic32_ec_sk/debug/_ext/1271179505/sys_devcon_pic32mx.o
 .mdebug.abi32  0xa0000388        0x0 build/pic32_ec_sk/debug/_ext/122796885/sys_int_pic32.o
 .mdebug.abi32  0xa0000388        0x0 c:/program files (x86)/microchip/xc32/v1.42/bin/bin/../../lib/gcc/pic32mx/4.8.3\libgcc.a(_udivdi3.o)
 .mdebug.abi32  0xa0000388        0x0 c:/program files (x86)/microchip/xc32/v1.42/bin/bin/../../lib/gcc/pic32mx/4.8.3/../../../../pic32mx/lib\libpic32.a(default-bootstrap-exception-handler.o)
 .mdebug.abi32  0xa0000388        0x0 c:/program files (x86)/microchip/xc32/v1.42/bin/bin/../../lib/gcc/pic32mx/4.8.3/../../../../pic32mx/lib\libpic32.a(default-on-reset.o)
 .mdebug.abi32  0xa0000388        0x0 c:/program files (x86)/microchip/xc32/v1.42/bin/bin/../../lib/gcc/pic32mx/4.8.3/../../../../pic32mx/lib\libpic32.a(default-on-bootstrap.o)
 .mdebug.abi32  0xa0000388        0x0 c:/program files (x86)/microchip/xc32/v1.42/bin/bin/../../lib/gcc/pic32mx/4.8.3/../../../../pic32mx/lib\libpic32.a(defaultinterrupt.o)
 .mdebug.abi32  0xa0000388        0x0 c:/program files (x86)/microchip/xc32/v1.42/bin/bin/../../lib/gcc/pic32mx/4.8.3/../../../../pic32mx/lib\libc.a(strcat.o)
 .mdebug.abi32  0xa0000388        0x0 c:/program files (x86)/microchip/xc32/v1.42/bin/bin/../../lib/gcc/pic32mx/4.8.3/../../../../pic32mx/lib\libc.a(strstr.o)
 .mdebug.abi32  0xa0000388        0x0 c:/program files (x86)/microchip/xc32/v1.42/bin/bin/../../lib/gcc/pic32mx/4.8.3/../../../../pic32mx/lib\libc.a(strchr.o)
 .mdebug.abi32  0xa0000388        0x0 c:/program files (x86)/microchip/xc32/v1.42/bin/bin/../../lib/gcc/pic32mx/4.8.3/../../../../pic32mx/lib\libc.a(strncmp.o)

.mdebug.abiN32
 *(.mdebug.abiN32)

.mdebug.abi64
 *(.mdebug.abi64)

.mdebug.abiO64
 *(.mdebug.abiO64)

.mdebug.eabi32
 *(.mdebug.eabi32)

.mdebug.eabi64
 *(.mdebug.eabi64)

.gcc_compiled_long32
 *(.gcc_compiled_long32)

.gcc_compiled_long64
 *(.gcc_compiled_long64)

.stab
 *(.stab)

.stabstr
 *(.stabstr)

.stab.excl
 *(.stab.excl)

.stab.exclstr
 *(.stab.exclstr)

.stab.index
 *(.stab.index)

.stab.indexstr
 *(.stab.indexstr)

.comment        0x00000000       0x6d
 *(.comment)
 .comment       0x00000000       0x3c c:/program files (x86)/microchip/xc32/v1.42/bin/bin/../../lib/gcc/pic32mx/4.8.3/../../../../pic32mx/lib\software-debug-break.o
                                 0x3d (size before relaxing)
 .comment       0x00000000       0x3d build/pic32_ec_sk/debug/_ext/1676679943/drv_usart_mapping.o
 .comment       0x00000000       0x3d build/pic32_ec_sk/debug/_ext/1676679943/drv_usart_static.o
 .comment       0x00000000       0x3d build/pic32_ec_sk/debug/_ext/1676679943/drv_usart_static_byte_model.o
 .comment       0x00000000       0x3d build/pic32_ec_sk/debug/_ext/2134208277/sys_clk_static.o
 .comment       0x00000000       0x3d build/pic32_ec_sk/debug/_ext/527631067/sys_ports_static.o
 .comment       0x00000000       0x3d build/pic32_ec_sk/debug/_ext/1895876492/system_init.o
 .comment       0x00000000       0x3d build/pic32_ec_sk/debug/_ext/1895876492/system_interrupt.o
 .comment       0x00000000       0x3d build/pic32_ec_sk/debug/_ext/1895876492/system_exceptions.o
 .comment       0x00000000       0x3d build/pic32_ec_sk/debug/_ext/1895876492/system_tasks.o
 .comment       0x00000000       0x3d build/pic32_ec_sk/debug/_ext/1360937237/app.o
 .comment       0x00000000       0x3d build/pic32_ec_sk/debug/_ext/1360937237/main.o
 .comment       0x00000000       0x3d build/pic32_ec_sk/debug/_ext/1271179505/sys_devcon.o
 .comment       0x00000000       0x3d build/pic32_ec_sk/debug/_ext/1271179505/sys_devcon_pic32mx.o
 .comment       0x00000000       0x3d build/pic32_ec_sk/debug/_ext/122796885/sys_int_pic32.o
 .comment       0x00000000       0x3d c:/program files (x86)/microchip/xc32/v1.42/bin/bin/../../lib/gcc/pic32mx/4.8.3\libgcc.a(_udivdi3.o)
 .comment       0x0000003c       0x18 c:/program files (x86)/microchip/xc32/v1.42/bin/bin/../../lib/gcc/pic32mx/4.8.3/../../../../pic32mx/lib\libpic32.a(memset.o)
                                 0x19 (size before relaxing)
 .comment       0x00000054       0x19 c:/program files (x86)/microchip/xc32/v1.42/bin/bin/../../lib/gcc/pic32mx/4.8.3/../../../../pic32mx/lib\libpic32.a(strlen.o)
                                 0x1a (size before relaxing)
 .comment       0x00000000       0x3d c:/program files (x86)/microchip/xc32/v1.42/bin/bin/../../lib/gcc/pic32mx/4.8.3/../../../../pic32mx/lib\libpic32.a(default-bootstrap-exception-handler.o)
 .comment       0x00000000       0x3d c:/program files (x86)/microchip/xc32/v1.42/bin/bin/../../lib/gcc/pic32mx/4.8.3/../../../../pic32mx/lib\libpic32.a(default-on-reset.o)
 .comment       0x00000000       0x3d c:/program files (x86)/microchip/xc32/v1.42/bin/bin/../../lib/gcc/pic32mx/4.8.3/../../../../pic32mx/lib\libpic32.a(default-on-bootstrap.o)
 .comment       0x00000000       0x3d c:/program files (x86)/microchip/xc32/v1.42/bin/bin/../../lib/gcc/pic32mx/4.8.3/../../../../pic32mx/lib\libpic32.a(defaultinterrupt.o)
 .comment       0x00000000       0x3d c:/program files (x86)/microchip/xc32/v1.42/bin/bin/../../lib/gcc/pic32mx/4.8.3/../../../../pic32mx/lib\libc.a(strcat.o)
 .comment       0x00000000       0x3d c:/program files (x86)/microchip/xc32/v1.42/bin/bin/../../lib/gcc/pic32mx/4.8.3/../../../../pic32mx/lib\libc.a(strstr.o)
 .comment       0x00000000       0x3d c:/program files (x86)/microchip/xc32/v1.42/bin/bin/../../lib/gcc/pic32mx/4.8.3/../../../../pic32mx/lib\libc.a(strchr.o)
 .comment       0x00000000       0x3d c:/program files (x86)/microchip/xc32/v1.42/bin/bin/../../lib/gcc/pic32mx/4.8.3/../../../../pic32mx/lib\libc.a(strncmp.o)

.debug
 *(.debug)

.line
 *(.line)

.debug_srcinfo
 *(.debug_srcinfo)

.debug_sfnames
 *(.debug_sfnames)

.debug_aranges  0x00000000      0x668
 *(.debug_aranges)
 .debug_aranges
                0x00000000       0x20 c:/program files (x86)/microchip/xc32/v1.42/bin/bin/../../lib/gcc/pic32mx/4.8.3/../../../../pic32mx/lib\software-debug-break.o
 .debug_aranges
                0x00000020       0xa8 build/pic32_ec_sk/debug/_ext/1676679943/drv_usart_mapping.o
 .debug_aranges
                0x000000c8       0xd8 build/pic32_ec_sk/debug/_ext/1676679943/drv_usart_static.o
 .debug_aranges
                0x000001a0       0x78 build/pic32_ec_sk/debug/_ext/1676679943/drv_usart_static_byte_model.o
 .debug_aranges
                0x00000218       0x50 build/pic32_ec_sk/debug/_ext/2134208277/sys_clk_static.o
 .debug_aranges
                0x00000268      0x108 build/pic32_ec_sk/debug/_ext/527631067/sys_ports_static.o
 .debug_aranges
                0x00000370       0x20 build/pic32_ec_sk/debug/_ext/1895876492/system_init.o
 .debug_aranges
                0x00000390       0x28 build/pic32_ec_sk/debug/_ext/1895876492/system_interrupt.o
 .debug_aranges
                0x000003b8       0x20 build/pic32_ec_sk/debug/_ext/1895876492/system_exceptions.o
 .debug_aranges
                0x000003d8       0x20 build/pic32_ec_sk/debug/_ext/1895876492/system_tasks.o
 .debug_aranges
                0x000003f8       0x50 build/pic32_ec_sk/debug/_ext/1360937237/app.o
 .debug_aranges
                0x00000448       0x20 build/pic32_ec_sk/debug/_ext/1360937237/main.o
 .debug_aranges
                0x00000468       0x78 build/pic32_ec_sk/debug/_ext/1271179505/sys_devcon.o
 .debug_aranges
                0x000004e0       0x20 build/pic32_ec_sk/debug/_ext/1271179505/sys_devcon_pic32mx.o
 .debug_aranges
                0x00000500       0x48 build/pic32_ec_sk/debug/_ext/122796885/sys_int_pic32.o
 .debug_aranges
                0x00000548       0x20 c:/program files (x86)/microchip/xc32/v1.42/bin/bin/../../lib/gcc/pic32mx/4.8.3\libgcc.a(_udivdi3.o)
 .debug_aranges
                0x00000568       0x20 c:/program files (x86)/microchip/xc32/v1.42/bin/bin/../../lib/gcc/pic32mx/4.8.3/../../../../pic32mx/lib\libpic32.a(default-bootstrap-exception-handler.o)
 .debug_aranges
                0x00000588       0x20 c:/program files (x86)/microchip/xc32/v1.42/bin/bin/../../lib/gcc/pic32mx/4.8.3/../../../../pic32mx/lib\libpic32.a(default-on-reset.o)
 .debug_aranges
                0x000005a8       0x20 c:/program files (x86)/microchip/xc32/v1.42/bin/bin/../../lib/gcc/pic32mx/4.8.3/../../../../pic32mx/lib\libpic32.a(default-on-bootstrap.o)
 .debug_aranges
                0x000005c8       0x20 c:/program files (x86)/microchip/xc32/v1.42/bin/bin/../../lib/gcc/pic32mx/4.8.3/../../../../pic32mx/lib\libpic32.a(defaultinterrupt.o)
 .debug_aranges
                0x000005e8       0x20 c:/program files (x86)/microchip/xc32/v1.42/bin/bin/../../lib/gcc/pic32mx/4.8.3/../../../../pic32mx/lib\libc.a(strcat.o)
 .debug_aranges
                0x00000608       0x20 c:/program files (x86)/microchip/xc32/v1.42/bin/bin/../../lib/gcc/pic32mx/4.8.3/../../../../pic32mx/lib\libc.a(strstr.o)
 .debug_aranges
                0x00000628       0x20 c:/program files (x86)/microchip/xc32/v1.42/bin/bin/../../lib/gcc/pic32mx/4.8.3/../../../../pic32mx/lib\libc.a(strchr.o)
 .debug_aranges
                0x00000648       0x20 c:/program files (x86)/microchip/xc32/v1.42/bin/bin/../../lib/gcc/pic32mx/4.8.3/../../../../pic32mx/lib\libc.a(strncmp.o)

.debug_pubnames
 *(.debug_pubnames)

.debug_info     0x00000000    0x190d1
 *(.debug_info .gnu.linkonce.wi.*)
 .debug_info    0x00000000       0xe5 c:/program files (x86)/microchip/xc32/v1.42/bin/bin/../../lib/gcc/pic32mx/4.8.3/../../../../pic32mx/lib\software-debug-break.o
 .debug_info    0x000000e5     0x20a9 build/pic32_ec_sk/debug/_ext/1676679943/drv_usart_mapping.o
 .debug_info    0x0000218e     0x450b build/pic32_ec_sk/debug/_ext/1676679943/drv_usart_static.o
 .debug_info    0x00006699     0x1f46 build/pic32_ec_sk/debug/_ext/1676679943/drv_usart_static_byte_model.o
 .debug_info    0x000085df     0x1d5b build/pic32_ec_sk/debug/_ext/2134208277/sys_clk_static.o
 .debug_info    0x0000a33a     0x436c build/pic32_ec_sk/debug/_ext/527631067/sys_ports_static.o
 .debug_info    0x0000e6a6     0x1bd0 build/pic32_ec_sk/debug/_ext/1895876492/system_init.o
 .debug_info    0x00010276     0x104a build/pic32_ec_sk/debug/_ext/1895876492/system_interrupt.o
 .debug_info    0x000112c0      0xe34 build/pic32_ec_sk/debug/_ext/1895876492/system_exceptions.o
 .debug_info    0x000120f4      0xe89 build/pic32_ec_sk/debug/_ext/1895876492/system_tasks.o
 .debug_info    0x00012f7d     0x1caf build/pic32_ec_sk/debug/_ext/1360937237/app.o
 .debug_info    0x00014c2c      0xddd build/pic32_ec_sk/debug/_ext/1360937237/main.o
 .debug_info    0x00015a09      0xf1f build/pic32_ec_sk/debug/_ext/1271179505/sys_devcon.o
 .debug_info    0x00016928      0x722 build/pic32_ec_sk/debug/_ext/1271179505/sys_devcon_pic32mx.o
 .debug_info    0x0001704a     0x126e build/pic32_ec_sk/debug/_ext/122796885/sys_int_pic32.o
 .debug_info    0x000182b8      0x773 c:/program files (x86)/microchip/xc32/v1.42/bin/bin/../../lib/gcc/pic32mx/4.8.3\libgcc.a(_udivdi3.o)
 .debug_info    0x00018a2b       0xf5 c:/program files (x86)/microchip/xc32/v1.42/bin/bin/../../lib/gcc/pic32mx/4.8.3/../../../../pic32mx/lib\libpic32.a(default-bootstrap-exception-handler.o)
 .debug_info    0x00018b20       0xcf c:/program files (x86)/microchip/xc32/v1.42/bin/bin/../../lib/gcc/pic32mx/4.8.3/../../../../pic32mx/lib\libpic32.a(default-on-reset.o)
 .debug_info    0x00018bef       0xd7 c:/program files (x86)/microchip/xc32/v1.42/bin/bin/../../lib/gcc/pic32mx/4.8.3/../../../../pic32mx/lib\libpic32.a(default-on-bootstrap.o)
 .debug_info    0x00018cc6       0xe9 c:/program files (x86)/microchip/xc32/v1.42/bin/bin/../../lib/gcc/pic32mx/4.8.3/../../../../pic32mx/lib\libpic32.a(defaultinterrupt.o)
 .debug_info    0x00018daf       0xc8 c:/program files (x86)/microchip/xc32/v1.42/bin/bin/../../lib/gcc/pic32mx/4.8.3/../../../../pic32mx/lib\libc.a(strcat.o)
 .debug_info    0x00018e77       0xc8 c:/program files (x86)/microchip/xc32/v1.42/bin/bin/../../lib/gcc/pic32mx/4.8.3/../../../../pic32mx/lib\libc.a(strstr.o)
 .debug_info    0x00018f3f       0xc8 c:/program files (x86)/microchip/xc32/v1.42/bin/bin/../../lib/gcc/pic32mx/4.8.3/../../../../pic32mx/lib\libc.a(strchr.o)
 .debug_info    0x00019007       0xca c:/program files (x86)/microchip/xc32/v1.42/bin/bin/../../lib/gcc/pic32mx/4.8.3/../../../../pic32mx/lib\libc.a(strncmp.o)

.debug_abbrev   0x00000000     0x2026
 *(.debug_abbrev)
 .debug_abbrev  0x00000000       0x28 c:/program files (x86)/microchip/xc32/v1.42/bin/bin/../../lib/gcc/pic32mx/4.8.3/../../../../pic32mx/lib\software-debug-break.o
 .debug_abbrev  0x00000028      0x265 build/pic32_ec_sk/debug/_ext/1676679943/drv_usart_mapping.o
 .debug_abbrev  0x0000028d      0x467 build/pic32_ec_sk/debug/_ext/1676679943/drv_usart_static.o
 .debug_abbrev  0x000006f4      0x1e5 build/pic32_ec_sk/debug/_ext/1676679943/drv_usart_static_byte_model.o
 .debug_abbrev  0x000008d9      0x2b2 build/pic32_ec_sk/debug/_ext/2134208277/sys_clk_static.o
 .debug_abbrev  0x00000b8b      0x24a build/pic32_ec_sk/debug/_ext/527631067/sys_ports_static.o
 .debug_abbrev  0x00000dd5      0x2d0 build/pic32_ec_sk/debug/_ext/1895876492/system_init.o
 .debug_abbrev  0x000010a5      0x11d build/pic32_ec_sk/debug/_ext/1895876492/system_interrupt.o
 .debug_abbrev  0x000011c2       0xdb build/pic32_ec_sk/debug/_ext/1895876492/system_exceptions.o
 .debug_abbrev  0x0000129d      0x11b build/pic32_ec_sk/debug/_ext/1895876492/system_tasks.o
 .debug_abbrev  0x000013b8      0x2d2 build/pic32_ec_sk/debug/_ext/1360937237/app.o
 .debug_abbrev  0x0000168a      0x11f build/pic32_ec_sk/debug/_ext/1360937237/main.o
 .debug_abbrev  0x000017a9      0x2b9 build/pic32_ec_sk/debug/_ext/1271179505/sys_devcon.o
 .debug_abbrev  0x00001a62      0x162 build/pic32_ec_sk/debug/_ext/1271179505/sys_devcon_pic32mx.o
 .debug_abbrev  0x00001bc4      0x1ea build/pic32_ec_sk/debug/_ext/122796885/sys_int_pic32.o
 .debug_abbrev  0x00001dae      0x138 c:/program files (x86)/microchip/xc32/v1.42/bin/bin/../../lib/gcc/pic32mx/4.8.3\libgcc.a(_udivdi3.o)
 .debug_abbrev  0x00001ee6       0x28 c:/program files (x86)/microchip/xc32/v1.42/bin/bin/../../lib/gcc/pic32mx/4.8.3/../../../../pic32mx/lib\libpic32.a(default-bootstrap-exception-handler.o)
 .debug_abbrev  0x00001f0e       0x28 c:/program files (x86)/microchip/xc32/v1.42/bin/bin/../../lib/gcc/pic32mx/4.8.3/../../../../pic32mx/lib\libpic32.a(default-on-reset.o)
 .debug_abbrev  0x00001f36       0x28 c:/program files (x86)/microchip/xc32/v1.42/bin/bin/../../lib/gcc/pic32mx/4.8.3/../../../../pic32mx/lib\libpic32.a(default-on-bootstrap.o)
 .debug_abbrev  0x00001f5e       0x28 c:/program files (x86)/microchip/xc32/v1.42/bin/bin/../../lib/gcc/pic32mx/4.8.3/../../../../pic32mx/lib\libpic32.a(defaultinterrupt.o)
 .debug_abbrev  0x00001f86       0x28 c:/program files (x86)/microchip/xc32/v1.42/bin/bin/../../lib/gcc/pic32mx/4.8.3/../../../../pic32mx/lib\libc.a(strcat.o)
 .debug_abbrev  0x00001fae       0x28 c:/program files (x86)/microchip/xc32/v1.42/bin/bin/../../lib/gcc/pic32mx/4.8.3/../../../../pic32mx/lib\libc.a(strstr.o)
 .debug_abbrev  0x00001fd6       0x28 c:/program files (x86)/microchip/xc32/v1.42/bin/bin/../../lib/gcc/pic32mx/4.8.3/../../../../pic32mx/lib\libc.a(strchr.o)
 .debug_abbrev  0x00001ffe       0x28 c:/program files (x86)/microchip/xc32/v1.42/bin/bin/../../lib/gcc/pic32mx/4.8.3/../../../../pic32mx/lib\libc.a(strncmp.o)

.debug_line     0x00000000     0x40ab
 *(.debug_line)
 .debug_line    0x00000000       0x9c c:/program files (x86)/microchip/xc32/v1.42/bin/bin/../../lib/gcc/pic32mx/4.8.3/../../../../pic32mx/lib\software-debug-break.o
 .debug_line    0x0000009c      0x497 build/pic32_ec_sk/debug/_ext/1676679943/drv_usart_mapping.o
 .debug_line    0x00000533      0x911 build/pic32_ec_sk/debug/_ext/1676679943/drv_usart_static.o
 .debug_line    0x00000e44      0x48d build/pic32_ec_sk/debug/_ext/1676679943/drv_usart_static_byte_model.o
 .debug_line    0x000012d1      0x485 build/pic32_ec_sk/debug/_ext/2134208277/sys_clk_static.o
 .debug_line    0x00001756      0x867 build/pic32_ec_sk/debug/_ext/527631067/sys_ports_static.o
 .debug_line    0x00001fbd      0x44f build/pic32_ec_sk/debug/_ext/1895876492/system_init.o
 .debug_line    0x0000240c      0x2ed build/pic32_ec_sk/debug/_ext/1895876492/system_interrupt.o
 .debug_line    0x000026f9      0x17c build/pic32_ec_sk/debug/_ext/1895876492/system_exceptions.o
 .debug_line    0x00002875      0x244 build/pic32_ec_sk/debug/_ext/1895876492/system_tasks.o
 .debug_line    0x00002ab9      0x411 build/pic32_ec_sk/debug/_ext/1360937237/app.o
 .debug_line    0x00002eca      0x161 build/pic32_ec_sk/debug/_ext/1360937237/main.o
 .debug_line    0x0000302b      0x4e0 build/pic32_ec_sk/debug/_ext/1271179505/sys_devcon.o
 .debug_line    0x0000350b      0x2f1 build/pic32_ec_sk/debug/_ext/1271179505/sys_devcon_pic32mx.o
 .debug_line    0x000037fc      0x326 build/pic32_ec_sk/debug/_ext/122796885/sys_int_pic32.o
 .debug_line    0x00003b22       0xff c:/program files (x86)/microchip/xc32/v1.42/bin/bin/../../lib/gcc/pic32mx/4.8.3\libgcc.a(_udivdi3.o)
 .debug_line    0x00003c21       0xa9 c:/program files (x86)/microchip/xc32/v1.42/bin/bin/../../lib/gcc/pic32mx/4.8.3/../../../../pic32mx/lib\libpic32.a(default-bootstrap-exception-handler.o)
 .debug_line    0x00003cca       0x96 c:/program files (x86)/microchip/xc32/v1.42/bin/bin/../../lib/gcc/pic32mx/4.8.3/../../../../pic32mx/lib\libpic32.a(default-on-reset.o)
 .debug_line    0x00003d60       0x9a c:/program files (x86)/microchip/xc32/v1.42/bin/bin/../../lib/gcc/pic32mx/4.8.3/../../../../pic32mx/lib\libpic32.a(default-on-bootstrap.o)
 .debug_line    0x00003dfa       0xa8 c:/program files (x86)/microchip/xc32/v1.42/bin/bin/../../lib/gcc/pic32mx/4.8.3/../../../../pic32mx/lib\libpic32.a(defaultinterrupt.o)
 .debug_line    0x00003ea2       0x82 c:/program files (x86)/microchip/xc32/v1.42/bin/bin/../../lib/gcc/pic32mx/4.8.3/../../../../pic32mx/lib\libc.a(strcat.o)
 .debug_line    0x00003f24       0x82 c:/program files (x86)/microchip/xc32/v1.42/bin/bin/../../lib/gcc/pic32mx/4.8.3/../../../../pic32mx/lib\libc.a(strstr.o)
 .debug_line    0x00003fa6       0x82 c:/program files (x86)/microchip/xc32/v1.42/bin/bin/../../lib/gcc/pic32mx/4.8.3/../../../../pic32mx/lib\libc.a(strchr.o)
 .debug_line    0x00004028       0x83 c:/program files (x86)/microchip/xc32/v1.42/bin/bin/../../lib/gcc/pic32mx/4.8.3/../../../../pic32mx/lib\libc.a(strncmp.o)

.debug_frame    0x00000000      0xc0c
 *(.debug_frame)
 .debug_frame   0x00000000       0x20 c:/program files (x86)/microchip/xc32/v1.42/bin/bin/../../lib/gcc/pic32mx/4.8.3/../../../../pic32mx/lib\software-debug-break.o
 .debug_frame   0x00000020      0x1c0 build/pic32_ec_sk/debug/_ext/1676679943/drv_usart_mapping.o
 .debug_frame   0x000001e0      0x1d8 build/pic32_ec_sk/debug/_ext/1676679943/drv_usart_static.o
 .debug_frame   0x000003b8       0xd0 build/pic32_ec_sk/debug/_ext/1676679943/drv_usart_static_byte_model.o
 .debug_frame   0x00000488       0xa0 build/pic32_ec_sk/debug/_ext/2134208277/sys_clk_static.o
 .debug_frame   0x00000528      0x1f0 build/pic32_ec_sk/debug/_ext/527631067/sys_ports_static.o
 .debug_frame   0x00000718       0x28 build/pic32_ec_sk/debug/_ext/1895876492/system_init.o
 .debug_frame   0x00000740       0xd0 build/pic32_ec_sk/debug/_ext/1895876492/system_interrupt.o
 .debug_frame   0x00000810       0x28 build/pic32_ec_sk/debug/_ext/1895876492/system_exceptions.o
 .debug_frame   0x00000838       0x28 build/pic32_ec_sk/debug/_ext/1895876492/system_tasks.o
 .debug_frame   0x00000860       0xac build/pic32_ec_sk/debug/_ext/1360937237/app.o
 .debug_frame   0x0000090c       0x28 build/pic32_ec_sk/debug/_ext/1360937237/main.o
 .debug_frame   0x00000934       0xe8 build/pic32_ec_sk/debug/_ext/1271179505/sys_devcon.o
 .debug_frame   0x00000a1c       0x28 build/pic32_ec_sk/debug/_ext/1271179505/sys_devcon_pic32mx.o
 .debug_frame   0x00000a44       0x90 build/pic32_ec_sk/debug/_ext/122796885/sys_int_pic32.o
 .debug_frame   0x00000ad4       0x20 c:/program files (x86)/microchip/xc32/v1.42/bin/bin/../../lib/gcc/pic32mx/4.8.3\libgcc.a(_udivdi3.o)
 .debug_frame   0x00000af4       0x2c c:/program files (x86)/microchip/xc32/v1.42/bin/bin/../../lib/gcc/pic32mx/4.8.3/../../../../pic32mx/lib\libpic32.a(default-bootstrap-exception-handler.o)
 .debug_frame   0x00000b20       0x20 c:/program files (x86)/microchip/xc32/v1.42/bin/bin/../../lib/gcc/pic32mx/4.8.3/../../../../pic32mx/lib\libpic32.a(default-on-reset.o)
 .debug_frame   0x00000b40       0x20 c:/program files (x86)/microchip/xc32/v1.42/bin/bin/../../lib/gcc/pic32mx/4.8.3/../../../../pic32mx/lib\libpic32.a(default-on-bootstrap.o)
 .debug_frame   0x00000b60       0x20 c:/program files (x86)/microchip/xc32/v1.42/bin/bin/../../lib/gcc/pic32mx/4.8.3/../../../../pic32mx/lib\libpic32.a(defaultinterrupt.o)
 .debug_frame   0x00000b80       0x20 c:/program files (x86)/microchip/xc32/v1.42/bin/bin/../../lib/gcc/pic32mx/4.8.3/../../../../pic32mx/lib\libc.a(strcat.o)
 .debug_frame   0x00000ba0       0x2c c:/program files (x86)/microchip/xc32/v1.42/bin/bin/../../lib/gcc/pic32mx/4.8.3/../../../../pic32mx/lib\libc.a(strstr.o)
 .debug_frame   0x00000bcc       0x20 c:/program files (x86)/microchip/xc32/v1.42/bin/bin/../../lib/gcc/pic32mx/4.8.3/../../../../pic32mx/lib\libc.a(strchr.o)
 .debug_frame   0x00000bec       0x20 c:/program files (x86)/microchip/xc32/v1.42/bin/bin/../../lib/gcc/pic32mx/4.8.3/../../../../pic32mx/lib\libc.a(strncmp.o)

.debug_str      0x00000000      0x298
 *(.debug_str)
 .debug_str     0x00000000        0x0 c:/program files (x86)/microchip/xc32/v1.42/bin/bin/../../lib/gcc/pic32mx/4.8.3/../../../../pic32mx/lib\software-debug-break.o
 .debug_str     0x00000000       0x23 build/pic32_ec_sk/debug/_ext/1676679943/drv_usart_mapping.o
 .debug_str     0x00000023       0xff build/pic32_ec_sk/debug/_ext/1676679943/drv_usart_static.o
 .debug_str     0x00000122       0x10 build/pic32_ec_sk/debug/_ext/1676679943/drv_usart_static_byte_model.o
 .debug_str     0x00000132       0x46 build/pic32_ec_sk/debug/_ext/2134208277/sys_clk_static.o
 .debug_str     0x00000178       0xa1 build/pic32_ec_sk/debug/_ext/527631067/sys_ports_static.o
 .debug_str     0x00000219       0x36 build/pic32_ec_sk/debug/_ext/1895876492/system_init.o
 .debug_str     0x0000024f        0x0 build/pic32_ec_sk/debug/_ext/1895876492/system_interrupt.o
 .debug_str     0x0000024f        0x0 build/pic32_ec_sk/debug/_ext/1895876492/system_exceptions.o
 .debug_str     0x0000024f        0x0 build/pic32_ec_sk/debug/_ext/1895876492/system_tasks.o
 .debug_str     0x0000024f        0x0 build/pic32_ec_sk/debug/_ext/1360937237/app.o
 .debug_str     0x0000024f        0x0 build/pic32_ec_sk/debug/_ext/1360937237/main.o
 .debug_str     0x0000024f       0x16 build/pic32_ec_sk/debug/_ext/1271179505/sys_devcon.o
 .debug_str     0x00000265        0x6 build/pic32_ec_sk/debug/_ext/1271179505/sys_devcon_pic32mx.o
 .debug_str     0x0000026b       0x2d build/pic32_ec_sk/debug/_ext/122796885/sys_int_pic32.o
 .debug_str     0x00000298        0x0 c:/program files (x86)/microchip/xc32/v1.42/bin/bin/../../lib/gcc/pic32mx/4.8.3\libgcc.a(_udivdi3.o)
 .debug_str     0x00000298        0x0 c:/program files (x86)/microchip/xc32/v1.42/bin/bin/../../lib/gcc/pic32mx/4.8.3/../../../../pic32mx/lib\libpic32.a(default-bootstrap-exception-handler.o)
 .debug_str     0x00000298        0x0 c:/program files (x86)/microchip/xc32/v1.42/bin/bin/../../lib/gcc/pic32mx/4.8.3/../../../../pic32mx/lib\libpic32.a(default-on-reset.o)
 .debug_str     0x00000298        0x0 c:/program files (x86)/microchip/xc32/v1.42/bin/bin/../../lib/gcc/pic32mx/4.8.3/../../../../pic32mx/lib\libpic32.a(default-on-bootstrap.o)
 .debug_str     0x00000298        0x0 c:/program files (x86)/microchip/xc32/v1.42/bin/bin/../../lib/gcc/pic32mx/4.8.3/../../../../pic32mx/lib\libpic32.a(defaultinterrupt.o)
 .debug_str     0x00000298        0x0 c:/program files (x86)/microchip/xc32/v1.42/bin/bin/../../lib/gcc/pic32mx/4.8.3/../../../../pic32mx/lib\libc.a(strcat.o)
 .debug_str     0x00000298        0x0 c:/program files (x86)/microchip/xc32/v1.42/bin/bin/../../lib/gcc/pic32mx/4.8.3/../../../../pic32mx/lib\libc.a(strstr.o)
 .debug_str     0x00000298        0x0 c:/program files (x86)/microchip/xc32/v1.42/bin/bin/../../lib/gcc/pic32mx/4.8.3/../../../../pic32mx/lib\libc.a(strchr.o)
 .debug_str     0x00000298        0x0 c:/program files (x86)/microchip/xc32/v1.42/bin/bin/../../lib/gcc/pic32mx/4.8.3/../../../../pic32mx/lib\libc.a(strncmp.o)

.debug_loc      0x00000000     0x3210
 *(.debug_loc)
 .debug_loc     0x00000000      0x943 build/pic32_ec_sk/debug/_ext/1676679943/drv_usart_mapping.o
 .debug_loc     0x00000943      0x876 build/pic32_ec_sk/debug/_ext/1676679943/drv_usart_static.o
 .debug_loc     0x000011b9       0xc1 build/pic32_ec_sk/debug/_ext/2134208277/sys_clk_static.o
 .debug_loc     0x0000127a      0xe83 build/pic32_ec_sk/debug/_ext/527631067/sys_ports_static.o
 .debug_loc     0x000020fd       0x41 build/pic32_ec_sk/debug/_ext/1895876492/system_init.o
 .debug_loc     0x0000213e       0x42 build/pic32_ec_sk/debug/_ext/1895876492/system_interrupt.o
 .debug_loc     0x00002180       0x20 build/pic32_ec_sk/debug/_ext/1895876492/system_exceptions.o
 .debug_loc     0x000021a0       0x20 build/pic32_ec_sk/debug/_ext/1895876492/system_tasks.o
 .debug_loc     0x000021c0      0x2b8 build/pic32_ec_sk/debug/_ext/1360937237/app.o
 .debug_loc     0x00002478       0x20 build/pic32_ec_sk/debug/_ext/1360937237/main.o
 .debug_loc     0x00002498      0x150 build/pic32_ec_sk/debug/_ext/1271179505/sys_devcon.o
 .debug_loc     0x000025e8       0xb1 build/pic32_ec_sk/debug/_ext/1271179505/sys_devcon_pic32mx.o
 .debug_loc     0x00002699      0x10d build/pic32_ec_sk/debug/_ext/122796885/sys_int_pic32.o
 .debug_loc     0x000027a6      0xa6a c:/program files (x86)/microchip/xc32/v1.42/bin/bin/../../lib/gcc/pic32mx/4.8.3\libgcc.a(_udivdi3.o)

.debug_macinfo
 *(.debug_macinfo)

.debug_weaknames
 *(.debug_weaknames)

.debug_funcnames
 *(.debug_funcnames)

.debug_typenames
 *(.debug_typenames)

.debug_varnames
 *(.debug_varnames)

.debug_pubtypes
 *(.debug_pubtypes)

.debug_ranges   0x00000000      0x5e8
 *(.debug_ranges)
 .debug_ranges  0x00000000       0x10 c:/program files (x86)/microchip/xc32/v1.42/bin/bin/../../lib/gcc/pic32mx/4.8.3/../../../../pic32mx/lib\software-debug-break.o
 .debug_ranges  0x00000010       0x98 build/pic32_ec_sk/debug/_ext/1676679943/drv_usart_mapping.o
 .debug_ranges  0x000000a8      0x128 build/pic32_ec_sk/debug/_ext/1676679943/drv_usart_static.o
 .debug_ranges  0x000001d0       0x68 build/pic32_ec_sk/debug/_ext/1676679943/drv_usart_static_byte_model.o
 .debug_ranges  0x00000238       0x40 build/pic32_ec_sk/debug/_ext/2134208277/sys_clk_static.o
 .debug_ranges  0x00000278       0xf8 build/pic32_ec_sk/debug/_ext/527631067/sys_ports_static.o
 .debug_ranges  0x00000370       0x10 build/pic32_ec_sk/debug/_ext/1895876492/system_init.o
 .debug_ranges  0x00000380       0x18 build/pic32_ec_sk/debug/_ext/1895876492/system_interrupt.o
 .debug_ranges  0x00000398       0x10 build/pic32_ec_sk/debug/_ext/1895876492/system_exceptions.o
 .debug_ranges  0x000003a8       0x10 build/pic32_ec_sk/debug/_ext/1895876492/system_tasks.o
 .debug_ranges  0x000003b8       0x40 build/pic32_ec_sk/debug/_ext/1360937237/app.o
 .debug_ranges  0x000003f8       0x10 build/pic32_ec_sk/debug/_ext/1360937237/main.o
 .debug_ranges  0x00000408       0x68 build/pic32_ec_sk/debug/_ext/1271179505/sys_devcon.o
 .debug_ranges  0x00000470       0x10 build/pic32_ec_sk/debug/_ext/1271179505/sys_devcon_pic32mx.o
 .debug_ranges  0x00000480       0x50 build/pic32_ec_sk/debug/_ext/122796885/sys_int_pic32.o
 .debug_ranges  0x000004d0       0x98 c:/program files (x86)/microchip/xc32/v1.42/bin/bin/../../lib/gcc/pic32mx/4.8.3\libgcc.a(_udivdi3.o)
 .debug_ranges  0x00000568       0x10 c:/program files (x86)/microchip/xc32/v1.42/bin/bin/../../lib/gcc/pic32mx/4.8.3/../../../../pic32mx/lib\libpic32.a(default-bootstrap-exception-handler.o)
 .debug_ranges  0x00000578       0x10 c:/program files (x86)/microchip/xc32/v1.42/bin/bin/../../lib/gcc/pic32mx/4.8.3/../../../../pic32mx/lib\libpic32.a(default-on-reset.o)
 .debug_ranges  0x00000588       0x10 c:/program files (x86)/microchip/xc32/v1.42/bin/bin/../../lib/gcc/pic32mx/4.8.3/../../../../pic32mx/lib\libpic32.a(default-on-bootstrap.o)
 .debug_ranges  0x00000598       0x10 c:/program files (x86)/microchip/xc32/v1.42/bin/bin/../../lib/gcc/pic32mx/4.8.3/../../../../pic32mx/lib\libpic32.a(defaultinterrupt.o)
 .debug_ranges  0x000005a8       0x10 c:/program files (x86)/microchip/xc32/v1.42/bin/bin/../../lib/gcc/pic32mx/4.8.3/../../../../pic32mx/lib\libc.a(strcat.o)
 .debug_ranges  0x000005b8       0x10 c:/program files (x86)/microchip/xc32/v1.42/bin/bin/../../lib/gcc/pic32mx/4.8.3/../../../../pic32mx/lib\libc.a(strstr.o)
 .debug_ranges  0x000005c8       0x10 c:/program files (x86)/microchip/xc32/v1.42/bin/bin/../../lib/gcc/pic32mx/4.8.3/../../../../pic32mx/lib\libc.a(strchr.o)
 .debug_ranges  0x000005d8       0x10 c:/program files (x86)/microchip/xc32/v1.42/bin/bin/../../lib/gcc/pic32mx/4.8.3/../../../../pic32mx/lib\libc.a(strncmp.o)

.gnu.attributes
                0x00000000       0x10
 *(.gnu.attributes)
 .gnu.attributes
                0x00000000       0x10 c:/program files (x86)/microchip/xc32/v1.42/bin/bin/../../lib/gcc/pic32mx/4.8.3/../../../../pic32mx/lib\software-debug-break.o
 .gnu.attributes
                0x00000010       0x10 build/pic32_ec_sk/debug/_ext/1676679943/drv_usart_mapping.o
 .gnu.attributes
                0x00000020       0x10 build/pic32_ec_sk/debug/_ext/1676679943/drv_usart_static.o
 .gnu.attributes
                0x00000030       0x10 build/pic32_ec_sk/debug/_ext/1676679943/drv_usart_static_byte_model.o
 .gnu.attributes
                0x00000040       0x10 build/pic32_ec_sk/debug/_ext/2134208277/sys_clk_static.o
 .gnu.attributes
                0x00000050       0x10 build/pic32_ec_sk/debug/_ext/527631067/sys_ports_static.o
 .gnu.attributes
                0x00000060       0x10 build/pic32_ec_sk/debug/_ext/1895876492/system_init.o
 .gnu.attributes
                0x00000070       0x10 build/pic32_ec_sk/debug/_ext/1895876492/system_interrupt.o
 .gnu.attributes
                0x00000080       0x10 build/pic32_ec_sk/debug/_ext/1895876492/system_exceptions.o
 .gnu.attributes
                0x00000090       0x10 build/pic32_ec_sk/debug/_ext/1895876492/system_tasks.o
 .gnu.attributes
                0x000000a0       0x10 build/pic32_ec_sk/debug/_ext/1360937237/app.o
 .gnu.attributes
                0x000000b0       0x10 build/pic32_ec_sk/debug/_ext/1360937237/main.o
 .gnu.attributes
                0x000000c0       0x10 build/pic32_ec_sk/debug/_ext/1271179505/sys_devcon.o
 .gnu.attributes
                0x000000d0       0x10 build/pic32_ec_sk/debug/_ext/1271179505/sys_devcon_pic32mx.o
 .gnu.attributes
                0x000000e0       0x10 build/pic32_ec_sk/debug/_ext/122796885/sys_int_pic32.o
 .gnu.attributes
                0x000000f0       0x10 c:/program files (x86)/microchip/xc32/v1.42/bin/bin/../../lib/gcc/pic32mx/4.8.3\libgcc.a(_udivdi3.o)
 .gnu.attributes
                0x00000100       0x10 c:/program files (x86)/microchip/xc32/v1.42/bin/bin/../../lib/gcc/pic32mx/4.8.3/../../../../pic32mx/lib\libpic32.a(default-bootstrap-exception-handler.o)
 .gnu.attributes
                0x00000110       0x10 c:/program files (x86)/microchip/xc32/v1.42/bin/bin/../../lib/gcc/pic32mx/4.8.3/../../../../pic32mx/lib\libpic32.a(default-on-reset.o)
 .gnu.attributes
                0x00000120       0x10 c:/program files (x86)/microchip/xc32/v1.42/bin/bin/../../lib/gcc/pic32mx/4.8.3/../../../../pic32mx/lib\libpic32.a(default-on-bootstrap.o)
 .gnu.attributes
                0x00000130       0x10 c:/program files (x86)/microchip/xc32/v1.42/bin/bin/../../lib/gcc/pic32mx/4.8.3/../../../../pic32mx/lib\libpic32.a(defaultinterrupt.o)
 .gnu.attributes
                0x00000140       0x10 c:/program files (x86)/microchip/xc32/v1.42/bin/bin/../../lib/gcc/pic32mx/4.8.3/../../../../pic32mx/lib\libc.a(strcat.o)
 .gnu.attributes
                0x00000150       0x10 c:/program files (x86)/microchip/xc32/v1.42/bin/bin/../../lib/gcc/pic32mx/4.8.3/../../../../pic32mx/lib\libc.a(strstr.o)
 .gnu.attributes
                0x00000160       0x10 c:/program files (x86)/microchip/xc32/v1.42/bin/bin/../../lib/gcc/pic32mx/4.8.3/../../../../pic32mx/lib\libc.a(strchr.o)
 .gnu.attributes
                0x00000170       0x10 c:/program files (x86)/microchip/xc32/v1.42/bin/bin/../../lib/gcc/pic32mx/4.8.3/../../../../pic32mx/lib\libc.a(strncmp.o)
LOAD c:/program files (x86)/microchip/xc32/v1.42/bin/bin/../../lib/gcc/pic32mx/4.8.3\libgcc.a
START GROUP
LOAD c:/program files (x86)/microchip/xc32/v1.42/bin/bin/../../lib/gcc/pic32mx/4.8.3/../../../../pic32mx/lib\libpic32.a
LOAD c:/program files (x86)/microchip/xc32/v1.42/bin/bin/../../lib/gcc/pic32mx/4.8.3/../../../../pic32mx/lib\libdebug.a
LOAD c:/program files (x86)/microchip/xc32/v1.42/bin/bin/../../lib/gcc/pic32mx/4.8.3/../../../../pic32mx/lib\libpic32.a
LOAD c:/program files (x86)/microchip/xc32/v1.42/bin/bin/../../lib/gcc/pic32mx/4.8.3/../../../../pic32mx/lib\libm.a
LOAD c:/program files (x86)/microchip/xc32/v1.42/bin/bin/../../lib/gcc/pic32mx/4.8.3/../../../../pic32mx/lib\libe.a
LOAD c:/program files (x86)/microchip/xc32/v1.42/bin/bin/../../lib/gcc/pic32mx/4.8.3/../../../../pic32mx/lib\libdsp.a
LOAD c:/program files (x86)/microchip/xc32/v1.42/bin/bin/../../lib/gcc/pic32mx/4.8.3\libgcc.a
LOAD c:/program files (x86)/microchip/xc32/v1.42/bin/bin/../../lib/gcc/pic32mx/4.8.3/../../../../pic32mx/lib\libc.a
LOAD c:/program files (x86)/microchip/xc32/v1.42/bin/bin/../../lib/gcc/pic32mx/4.8.3/../../../../pic32mx/lib\libc.a
LOAD c:/program files (x86)/microchip/xc32/v1.42/bin/bin/../../lib/gcc/pic32mx/4.8.3/../../../../pic32mx/lib\libpic32.a
END GROUP
LOAD c:/program files (x86)/microchip/xc32/v1.42/bin/bin/../../lib/gcc/pic32mx/4.8.3\libgcc.a
OUTPUT(dist/pic32_ec_sk/debug/Projek.X.debug.elf elf32-tradlittlemips)
LOAD stack
LOAD data_init

.reginfo        0x00000000       0x18
 .reginfo       0x00000000       0x18 c:/program files (x86)/microchip/xc32/v1.42/bin/bin/../../lib/gcc/pic32mx/4.8.3/../../../../pic32mx/lib/./proc/32MX270F256B/crt0_mips32r2.o

.stack          0xa00003a8      0x400
 .stack         0xa00003a8      0x400 stack

.text.APP_Tasks
                0x9d000000      0x848
 .text.APP_Tasks
                0x9d000000      0x848 build/pic32_ec_sk/debug/_ext/1360937237/app.o
                0x9d000000                APP_Tasks

.text           0x9d000848      0x458
 .text          0x9d000848      0x458 c:/program files (x86)/microchip/xc32/v1.42/bin/bin/../../lib/gcc/pic32mx/4.8.3\libgcc.a(_udivdi3.o)
                0x9d000848                __udivdi3

.text._IntHandlerDrvUsartInstance0
                0x9d000ca0      0x234
 .text._IntHandlerDrvUsartInstance0
                0x9d000ca0      0x234 build/pic32_ec_sk/debug/_ext/1895876492/system_interrupt.o
                0x9d000ca0                _IntHandlerDrvUsartInstance0

.text._IntHandlerDrvUsartInstance1
                0x9d000ed4      0x194
 .text._IntHandlerDrvUsartInstance1
                0x9d000ed4      0x194 build/pic32_ec_sk/debug/_ext/1895876492/system_interrupt.o
                0x9d000ed4                _IntHandlerDrvUsartInstance1

.text.DRV_USART0_Initialize
                0x9d001068      0x16c
 .text.DRV_USART0_Initialize
                0x9d001068      0x16c build/pic32_ec_sk/debug/_ext/1676679943/drv_usart_static.o
                0x9d001068                DRV_USART0_Initialize

.text           0x9d0011d4      0x168
 .text          0x9d0011d4      0x168 c:/program files (x86)/microchip/xc32/v1.42/bin/bin/../../lib/gcc/pic32mx/4.8.3/../../../../pic32mx/lib\libpic32.a(strlen.o)
                0x9d0011d4                strlen

.text.DRV_USART1_Initialize
                0x9d00133c      0x158
 .text.DRV_USART1_Initialize
                0x9d00133c      0x158 build/pic32_ec_sk/debug/_ext/1676679943/drv_usart_static.o
                0x9d00133c                DRV_USART1_Initialize

.rodata         0x9d001494      0x260
 .rodata        0x9d001494      0x138 build/pic32_ec_sk/debug/_ext/1360937237/app.o
 .rodata        0x9d0015cc      0x128 build/pic32_ec_sk/debug/_ext/1895876492/system_exceptions.o

.text.SYS_PORTS_Initialize
                0x9d0016f4       0xec
 .text.SYS_PORTS_Initialize
                0x9d0016f4       0xec build/pic32_ec_sk/debug/_ext/527631067/sys_ports_static.o
                0x9d0016f4                SYS_PORTS_Initialize

.text.SYS_Initialize
                0x9d0017e0       0xe0
 .text.SYS_Initialize
                0x9d0017e0       0xe0 build/pic32_ec_sk/debug/_ext/1895876492/system_init.o
                0x9d0017e0                SYS_Initialize

.text.general_exception
                0x9d0018c0       0xdc
 .text.general_exception
                0x9d0018c0       0xdc c:/program files (x86)/microchip/xc32/v1.42/bin/bin/../../lib/gcc/pic32mx/4.8.3/../../../../pic32mx/lib\libpic32.a(general-exception.o)
                0x9d0018c0                _general_exception_context

.text           0x9d00199c       0xa8
 .text          0x9d00199c       0xa8 c:/program files (x86)/microchip/xc32/v1.42/bin/bin/../../lib/gcc/pic32mx/4.8.3/../../../../pic32mx/lib\libpic32.a(memset.o)
                0x9d00199c                memset

.text._delayMs  0x9d001a44       0xa4
 .text._delayMs
                0x9d001a44       0xa4 build/pic32_ec_sk/debug/_ext/1360937237/app.o
                0x9d001a44                _delayMs

.text.strstr    0x9d001ae8       0x90
 .text.strstr   0x9d001ae8       0x90 c:/program files (x86)/microchip/xc32/v1.42/bin/bin/../../lib/gcc/pic32mx/4.8.3/../../../../pic32mx/lib\libc.a(strstr.o)
                0x9d001ae8                strstr

.text._strContains
                0x9d001b78       0x74
 .text._strContains
                0x9d001b78       0x74 build/pic32_ec_sk/debug/_ext/1360937237/app.o
                0x9d001b78                _strContains

.text.SYS_CLK_Initialize
                0x9d001bec       0x70
 .text.SYS_CLK_Initialize
                0x9d001bec       0x70 build/pic32_ec_sk/debug/_ext/2134208277/sys_clk_static.o
                0x9d001bec                SYS_CLK_Initialize

.text.strncmp   0x9d001c5c       0x70
 .text.strncmp  0x9d001c5c       0x70 c:/program files (x86)/microchip/xc32/v1.42/bin/bin/../../lib/gcc/pic32mx/4.8.3/../../../../pic32mx/lib\libc.a(strncmp.o)
                0x9d001c5c                strncmp

.text.SYS_DEVCON_PerformanceConfig
                0x9d001ccc       0x60
 .text.SYS_DEVCON_PerformanceConfig
                0x9d001ccc       0x60 build/pic32_ec_sk/debug/_ext/1271179505/sys_devcon_pic32mx.o
                0x9d001ccc                SYS_DEVCON_PerformanceConfig

.text._gsm_Send
                0x9d001d2c       0x5c
 .text._gsm_Send
                0x9d001d2c       0x5c build/pic32_ec_sk/debug/_ext/1360937237/app.o
                0x9d001d2c                _gsm_Send

.text.SYS_DEVCON_SystemUnlock
                0x9d001d88       0x58
 .text.SYS_DEVCON_SystemUnlock
                0x9d001d88       0x58 build/pic32_ec_sk/debug/_ext/1271179505/sys_devcon.o
                0x9d001d88                SYS_DEVCON_SystemUnlock

.text.SYS_INT_SourceDisable
                0x9d001de0       0x58
 .text.SYS_INT_SourceDisable
                0x9d001de0       0x58 build/pic32_ec_sk/debug/_ext/122796885/sys_int_pic32.o
                0x9d001de0                SYS_INT_SourceDisable

.text.main_entry
                0x9d001e38       0x54
 .text.main_entry
                0x9d001e38       0x54 c:/program files (x86)/microchip/xc32/v1.42/bin/bin/../../lib/gcc/pic32mx/4.8.3/../../../../pic32mx/lib/./proc/32MX270F256B/crt0_mips32r2.o
                0x9d001e6c                __crt0_exit

.text.DRV_USART_Initialize
                0x9d001e8c       0x50
 .text.DRV_USART_Initialize
                0x9d001e8c       0x50 build/pic32_ec_sk/debug/_ext/1676679943/drv_usart_mapping.o
                0x9d001e8c                DRV_USART_Initialize

.text.DRV_USART0_TasksError
                0x9d001edc       0x50
 .text.DRV_USART0_TasksError
                0x9d001edc       0x50 build/pic32_ec_sk/debug/_ext/1676679943/drv_usart_static.o
                0x9d001edc                DRV_USART0_TasksError

.text.DRV_USART1_TasksError
                0x9d001f2c       0x50
 .text.DRV_USART1_TasksError
                0x9d001f2c       0x50 build/pic32_ec_sk/debug/_ext/1676679943/drv_usart_static.o
                0x9d001f2c                DRV_USART1_TasksError

.text.APP_Initialize
                0x9d001f7c       0x50
 .text.APP_Initialize
                0x9d001f7c       0x50 build/pic32_ec_sk/debug/_ext/1360937237/app.o
                0x9d001f7c                APP_Initialize

.text.DRV_USART0_TasksTransmit
                0x9d001fcc       0x48
 .text.DRV_USART0_TasksTransmit
                0x9d001fcc       0x48 build/pic32_ec_sk/debug/_ext/1676679943/drv_usart_static.o
                0x9d001fcc                DRV_USART0_TasksTransmit

.text.DRV_USART1_TasksTransmit
                0x9d002014       0x48
 .text.DRV_USART1_TasksTransmit
                0x9d002014       0x48 build/pic32_ec_sk/debug/_ext/1676679943/drv_usart_static.o
                0x9d002014                DRV_USART1_TasksTransmit

.text.DRV_USART1_TransferStatus
                0x9d00205c       0x48
 .text.DRV_USART1_TransferStatus
                0x9d00205c       0x48 build/pic32_ec_sk/debug/_ext/1676679943/drv_usart_static.o
                0x9d00205c                DRV_USART1_TransferStatus

.text.SYS_DEVCON_SystemLock
                0x9d0020a4       0x48
 .text.SYS_DEVCON_SystemLock
                0x9d0020a4       0x48 build/pic32_ec_sk/debug/_ext/1271179505/sys_devcon.o
                0x9d0020a4                SYS_DEVCON_SystemLock

.text._bootstrap_exception_handler
                0x9d0020ec       0x48
 .text._bootstrap_exception_handler
                0x9d0020ec       0x48 c:/program files (x86)/microchip/xc32/v1.42/bin/bin/../../lib/gcc/pic32mx/4.8.3/../../../../pic32mx/lib\libpic32.a(default-bootstrap-exception-handler.o)
                0x9d0020ec                _bootstrap_exception_handler

.vector_default
                0x9d002134       0x48
 .vector_default
                0x9d002134       0x48 c:/program files (x86)/microchip/xc32/v1.42/bin/bin/../../lib/gcc/pic32mx/4.8.3/../../../../pic32mx/lib\libpic32.a(defaultinterrupt.o)
                0x9d002134                _DefaultInterrupt

.text.DRV_USART_TasksTransmit
                0x9d00217c       0x44
 .text.DRV_USART_TasksTransmit
                0x9d00217c       0x44 build/pic32_ec_sk/debug/_ext/1676679943/drv_usart_mapping.o
                0x9d00217c                DRV_USART_TasksTransmit

.text.DRV_USART_TasksReceive
                0x9d0021c0       0x44
 .text.DRV_USART_TasksReceive
                0x9d0021c0       0x44 build/pic32_ec_sk/debug/_ext/1676679943/drv_usart_mapping.o
                0x9d0021c0                DRV_USART_TasksReceive

.text.DRV_USART_TasksError
                0x9d002204       0x44
 .text.DRV_USART_TasksError
                0x9d002204       0x44 build/pic32_ec_sk/debug/_ext/1676679943/drv_usart_mapping.o
                0x9d002204                DRV_USART_TasksError

.text._general_exception_handler
                0x9d002248       0x44
 .text._general_exception_handler
                0x9d002248       0x44 build/pic32_ec_sk/debug/_ext/1895876492/system_exceptions.o
                0x9d002248                _general_exception_handler

.text           0x9d00228c       0x44
 .text          0x9d00228c       0x44 c:/program files (x86)/microchip/xc32/v1.42/bin/bin/../../lib/gcc/pic32mx/4.8.3/../../../../pic32mx/lib\pic32_software_reset.o
                0x9d00228c                __pic32_software_reset

.text.strcat    0x9d0022d0       0x44
 .text.strcat   0x9d0022d0       0x44 c:/program files (x86)/microchip/xc32/v1.42/bin/bin/../../lib/gcc/pic32mx/4.8.3/../../../../pic32mx/lib\libc.a(strcat.o)
                0x9d0022d0                strcat

.text.DRV_USART1_WriteByte
                0x9d002314       0x3c
 .text.DRV_USART1_WriteByte
                0x9d002314       0x3c build/pic32_ec_sk/debug/_ext/1676679943/drv_usart_static_byte_model.o
                0x9d002314                DRV_USART1_WriteByte

.dinit          0x9d002350       0x30
 .dinit         0x9d002350       0x30 data_init

.text.DRV_USART0_TasksReceive
                0x9d002380       0x2c
 .text.DRV_USART0_TasksReceive
                0x9d002380       0x2c build/pic32_ec_sk/debug/_ext/1676679943/drv_usart_static.o
                0x9d002380                DRV_USART0_TasksReceive

.text.DRV_USART1_TasksReceive
                0x9d0023ac       0x2c
 .text.DRV_USART1_TasksReceive
                0x9d0023ac       0x2c build/pic32_ec_sk/debug/_ext/1676679943/drv_usart_static.o
                0x9d0023ac                DRV_USART1_TasksReceive

.text.strchr    0x9d0023d8       0x2c
 .text.strchr   0x9d0023d8       0x2c c:/program files (x86)/microchip/xc32/v1.42/bin/bin/../../lib/gcc/pic32mx/4.8.3/../../../../pic32mx/lib\libc.a(strchr.o)
                0x9d0023d8                strchr

.text.SYS_Tasks
                0x9d002404       0x28
 .text.SYS_Tasks
                0x9d002404       0x28 build/pic32_ec_sk/debug/_ext/1895876492/system_tasks.o
                0x9d002404                SYS_Tasks

.text._strLength
                0x9d00242c       0x28
 .text._strLength
                0x9d00242c       0x28 build/pic32_ec_sk/debug/_ext/1360937237/app.o
                0x9d00242c                _strLength

.text.main      0x9d002454       0x20
 .text.main     0x9d002454       0x20 build/pic32_ec_sk/debug/_ext/1360937237/main.o
                0x9d002454                main

.text.SYS_INT_Initialize
                0x9d002474       0x18
 .text.SYS_INT_Initialize
                0x9d002474       0x18 build/pic32_ec_sk/debug/_ext/122796885/sys_int_pic32.o
                0x9d002474                SYS_INT_Initialize

.text           0x9d00248c       0x18
 .text          0x9d00248c       0x18 c:/program files (x86)/microchip/xc32/v1.42/bin/bin/../../lib/gcc/pic32mx/4.8.3/../../../../pic32mx/lib\libpic32.a(default-nmi-handler.o)
                0x9d00248c                _nmi_handler

.text.DRV_USART0_ReceiverBufferIsEmpty
                0x9d0024a4       0x14
 .text.DRV_USART0_ReceiverBufferIsEmpty
                0x9d0024a4       0x14 build/pic32_ec_sk/debug/_ext/1676679943/drv_usart_static_byte_model.o
                0x9d0024a4                DRV_USART0_ReceiverBufferIsEmpty

.text.DRV_USART1_ReceiverBufferIsEmpty
                0x9d0024b8       0x14
 .text.DRV_USART1_ReceiverBufferIsEmpty
                0x9d0024b8       0x14 build/pic32_ec_sk/debug/_ext/1676679943/drv_usart_static_byte_model.o
                0x9d0024b8                DRV_USART1_ReceiverBufferIsEmpty

.text.SYS_DEVCON_Initialize
                0x9d0024cc       0x14
 .text.SYS_DEVCON_Initialize
                0x9d0024cc       0x14 build/pic32_ec_sk/debug/_ext/1271179505/sys_devcon.o
                0x9d0024cc                SYS_DEVCON_Initialize

.text.DRV_USART0_ReadByte
                0x9d0024e0       0x10
 .text.DRV_USART0_ReadByte
                0x9d0024e0       0x10 build/pic32_ec_sk/debug/_ext/1676679943/drv_usart_static_byte_model.o
                0x9d0024e0                DRV_USART0_ReadByte

.text.DRV_USART1_ReadByte
                0x9d0024f0       0x10
 .text.DRV_USART1_ReadByte
                0x9d0024f0       0x10 build/pic32_ec_sk/debug/_ext/1676679943/drv_usart_static_byte_model.o
                0x9d0024f0                DRV_USART1_ReadByte

.text.__exception_handler_break
                0x9d002500        0xc
 .text.__exception_handler_break
                0x9d002500        0xc c:/program files (x86)/microchip/xc32/v1.42/bin/bin/../../lib/gcc/pic32mx/4.8.3/../../../../pic32mx/lib\software-debug-break.o
                0x9d002500                __exception_handler_break

.text.SYS_CLK_SystemFrequencyGet
                0x9d00250c        0xc
 .text.SYS_CLK_SystemFrequencyGet
                0x9d00250c        0xc build/pic32_ec_sk/debug/_ext/2134208277/sys_clk_static.o
                0x9d00250c                SYS_CLK_SystemFrequencyGet

.text.SYS_CLK_PeripheralFrequencyGet
                0x9d002518        0xc
 .text.SYS_CLK_PeripheralFrequencyGet
                0x9d002518        0xc build/pic32_ec_sk/debug/_ext/2134208277/sys_clk_static.o
                0x9d002518                SYS_CLK_PeripheralFrequencyGet

.text.DRV_USART0_ReceiverBufferSizeGet
                0x9d002524        0x8
 .text.DRV_USART0_ReceiverBufferSizeGet
                0x9d002524        0x8 build/pic32_ec_sk/debug/_ext/1676679943/drv_usart_static_byte_model.o
                0x9d002524                DRV_USART0_ReceiverBufferSizeGet

.text.SYS_DEVCON_Tasks
                0x9d00252c        0x8
 .text.SYS_DEVCON_Tasks
                0x9d00252c        0x8 build/pic32_ec_sk/debug/_ext/1271179505/sys_devcon.o
                0x9d00252c                SYS_DEVCON_Tasks

.text._on_reset
                0x9d002534        0x8
 .text._on_reset
                0x9d002534        0x8 c:/program files (x86)/microchip/xc32/v1.42/bin/bin/../../lib/gcc/pic32mx/4.8.3/../../../../pic32mx/lib\libpic32.a(default-on-reset.o)
                0x9d002534                _on_reset

.text._on_bootstrap
                0x9d00253c        0x8
 .text._on_bootstrap
                0x9d00253c        0x8 c:/program files (x86)/microchip/xc32/v1.42/bin/bin/../../lib/gcc/pic32mx/4.8.3/../../../../pic32mx/lib\libpic32.a(default-on-bootstrap.o)
                0x9d00253c                _on_bootstrap

.rodata         0x9d002544        0x4
 .rodata        0x9d002544        0x4 build/pic32_ec_sk/debug/_ext/1895876492/system_init.o
                0x9d002544                sysDevconInit
